Archive member included to satisfy reference by file (symbol)

libfreertos.a(tasks.c.obj)    CMakeFiles/simple_usb.dir/main.c.obj (xTaskCreate)
libfreertos.a(timers.c.obj)   libfreertos.a(tasks.c.obj) (xTimerCreateTimerTask)
libfreertos.a(heap_3.c.obj)   libfreertos.a(tasks.c.obj) (pvPortMalloc)
libfreertos.a(port.c.obj)     libfreertos.a(tasks.c.obj) (pxPortInitialiseStack)
libfreertos.a(list.c.obj)     libfreertos.a(tasks.c.obj) (vListInitialise)
libfreertos.a(queue.c.obj)    libfreertos.a(timers.c.obj) (xQueueGenericCreate)
/usr/lib/gcc/arm-none-eabi/10.3.1/thumb/v6-m/nofp/libgcc.a(_dvmd_tls.o)
                              CMakeFiles/simple_usb.dir/pico-sdk/src/rp2_common/pico_divider/divider.S.obj (__aeabi_idiv0)
/usr/lib/gcc/arm-none-eabi/10.3.1/../../../arm-none-eabi/lib/thumb/v6-m/nofp/libc.a(lib_a-atexit.o)
                              /usr/lib/gcc/arm-none-eabi/10.3.1/../../../arm-none-eabi/lib/thumb/v6-m/nofp/crt0.o (atexit)
/usr/lib/gcc/arm-none-eabi/10.3.1/../../../arm-none-eabi/lib/thumb/v6-m/nofp/libc.a(lib_a-calloc.o)
                              CMakeFiles/simple_usb.dir/pico-sdk/src/rp2_common/pico_malloc/pico_malloc.c.obj (calloc)
/usr/lib/gcc/arm-none-eabi/10.3.1/../../../arm-none-eabi/lib/thumb/v6-m/nofp/libc.a(lib_a-callocr.o)
                              /usr/lib/gcc/arm-none-eabi/10.3.1/../../../arm-none-eabi/lib/thumb/v6-m/nofp/libc.a(lib_a-calloc.o) (_calloc_r)
/usr/lib/gcc/arm-none-eabi/10.3.1/../../../arm-none-eabi/lib/thumb/v6-m/nofp/libc.a(lib_a-fini.o)
                              /usr/lib/gcc/arm-none-eabi/10.3.1/../../../arm-none-eabi/lib/thumb/v6-m/nofp/crt0.o (__libc_fini_array)
/usr/lib/gcc/arm-none-eabi/10.3.1/../../../arm-none-eabi/lib/thumb/v6-m/nofp/libc.a(lib_a-impure.o)
                              /usr/lib/gcc/arm-none-eabi/10.3.1/../../../arm-none-eabi/lib/thumb/v6-m/nofp/libc.a(lib_a-calloc.o) (_impure_ptr)
/usr/lib/gcc/arm-none-eabi/10.3.1/../../../arm-none-eabi/lib/thumb/v6-m/nofp/libc.a(lib_a-init.o)
                              /usr/lib/gcc/arm-none-eabi/10.3.1/../../../arm-none-eabi/lib/thumb/v6-m/nofp/crt0.o (__libc_init_array)
/usr/lib/gcc/arm-none-eabi/10.3.1/../../../arm-none-eabi/lib/thumb/v6-m/nofp/libc.a(lib_a-malloc.o)
                              CMakeFiles/simple_usb.dir/pico-sdk/src/rp2_common/pico_malloc/pico_malloc.c.obj (malloc)
/usr/lib/gcc/arm-none-eabi/10.3.1/../../../arm-none-eabi/lib/thumb/v6-m/nofp/libc.a(lib_a-mallocr.o)
                              /usr/lib/gcc/arm-none-eabi/10.3.1/../../../arm-none-eabi/lib/thumb/v6-m/nofp/libc.a(lib_a-callocr.o) (_malloc_r)
/usr/lib/gcc/arm-none-eabi/10.3.1/../../../arm-none-eabi/lib/thumb/v6-m/nofp/libc.a(lib_a-mlock.o)
                              /usr/lib/gcc/arm-none-eabi/10.3.1/../../../arm-none-eabi/lib/thumb/v6-m/nofp/libc.a(lib_a-mallocr.o) (__malloc_lock)
/usr/lib/gcc/arm-none-eabi/10.3.1/../../../arm-none-eabi/lib/thumb/v6-m/nofp/libc.a(lib_a-realloc.o)
                              CMakeFiles/simple_usb.dir/pico-sdk/src/rp2_common/pico_malloc/pico_malloc.c.obj (realloc)
/usr/lib/gcc/arm-none-eabi/10.3.1/../../../arm-none-eabi/lib/thumb/v6-m/nofp/libc.a(lib_a-reallocr.o)
                              /usr/lib/gcc/arm-none-eabi/10.3.1/../../../arm-none-eabi/lib/thumb/v6-m/nofp/libc.a(lib_a-realloc.o) (_realloc_r)
/usr/lib/gcc/arm-none-eabi/10.3.1/../../../arm-none-eabi/lib/thumb/v6-m/nofp/libc.a(lib_a-sbrkr.o)
                              /usr/lib/gcc/arm-none-eabi/10.3.1/../../../arm-none-eabi/lib/thumb/v6-m/nofp/libc.a(lib_a-mallocr.o) (_sbrk_r)
/usr/lib/gcc/arm-none-eabi/10.3.1/../../../arm-none-eabi/lib/thumb/v6-m/nofp/libc.a(lib_a-strlen-stub.o)
                              CMakeFiles/simple_usb.dir/pico-sdk/src/rp2_common/pico_stdio/stdio.c.obj (strlen)
/usr/lib/gcc/arm-none-eabi/10.3.1/../../../arm-none-eabi/lib/thumb/v6-m/nofp/libc.a(lib_a-__atexit.o)
                              /usr/lib/gcc/arm-none-eabi/10.3.1/../../../arm-none-eabi/lib/thumb/v6-m/nofp/libc.a(lib_a-atexit.o) (__register_exitproc)
/usr/lib/gcc/arm-none-eabi/10.3.1/../../../arm-none-eabi/lib/thumb/v6-m/nofp/libc.a(lib_a-freer.o)
                              /usr/lib/gcc/arm-none-eabi/10.3.1/../../../arm-none-eabi/lib/thumb/v6-m/nofp/libc.a(lib_a-malloc.o) (_free_r)
/usr/lib/gcc/arm-none-eabi/10.3.1/../../../arm-none-eabi/lib/thumb/v6-m/nofp/libc.a(lib_a-memmove.o)
                              /usr/lib/gcc/arm-none-eabi/10.3.1/../../../arm-none-eabi/lib/thumb/v6-m/nofp/libc.a(lib_a-reallocr.o) (memmove)
/usr/lib/gcc/arm-none-eabi/10.3.1/../../../arm-none-eabi/lib/thumb/v6-m/nofp/libc.a(lib_a-reent.o)
                              /usr/lib/gcc/arm-none-eabi/10.3.1/../../../arm-none-eabi/lib/thumb/v6-m/nofp/libc.a(lib_a-sbrkr.o) (errno)

Discarded input sections

 .text          0x0000000000000000        0x0 /usr/lib/gcc/arm-none-eabi/10.3.1/thumb/v6-m/nofp/crti.o
 .data          0x0000000000000000        0x0 /usr/lib/gcc/arm-none-eabi/10.3.1/thumb/v6-m/nofp/crti.o
[...]
Memory Configuration

Name             Origin             Length             Attributes
FLASH            0x0000000010000000 0x0000000000200000 xr
RAM              0x0000000020000000 0x0000000000040000 xrw
SCRATCH_X        0x0000000020040000 0x0000000000001000 xrw
SCRATCH_Y        0x0000000020041000 0x0000000000001000 xrw
*default*        0x0000000000000000 0xffffffffffffffff

Linker script and memory map

LOAD /usr/lib/gcc/arm-none-eabi/10.3.1/thumb/v6-m/nofp/crti.o
LOAD /usr/lib/gcc/arm-none-eabi/10.3.1/thumb/v6-m/nofp/crtbegin.o
LOAD /usr/lib/gcc/arm-none-eabi/10.3.1/../../../arm-none-eabi/lib/thumb/v6-m/nofp/crt0.o

.flash_begin    0x0000000010000000        0x0
                0x0000000010000000                __flash_binary_start = .

.boot2          0x0000000010000000      0x100
                0x0000000010000000                __boot2_start__ = .
 *(.boot2)
 .boot2         0x0000000010000000      0x100 /tmp/cc7FpGuR.o
                0x0000000010000100                __boot2_end__ = .
                0x0000000000000001                ASSERT (((__boot2_end__ - __boot2_start__) == 0x100), ERROR: Pico second stage bootloader must be 256 bytes in size)

.text           0x0000000010000100     0x8588
                0x0000000010000100                __logical_binary_start = .
 *(.vectors)
 .vectors       0x0000000010000100       0xd4 CMakeFiles/simple_usb.dir/pico-sdk/src/rp2_common/pico_standard_link/crt0.S.obj
                0x0000000010000100                __vectors
                0x0000000010000100                __VECTOR_TABLE
                0x00000000100001c0                isr_invalid
                0x00000000100001c0                __default_isrs_start
                0x00000000100001c2                isr_nmi
                0x00000000100001c4                isr_hardfault
                0x00000000100001cc                isr_irq30
                0x00000000100001cc                __unhandled_user_irq
                0x00000000100001cc                isr_irq13
                0x00000000100001cc                isr_irq27
                0x00000000100001cc                isr_irq31
                0x00000000100001cc                isr_irq5
                0x00000000100001cc                isr_irq11
                0x00000000100001cc                isr_irq23
                0x00000000100001cc                isr_irq18
                0x00000000100001cc                isr_irq28
                0x00000000100001cc                isr_irq19
                0x00000000100001cc                isr_irq0
                0x00000000100001cc                isr_irq6
                0x00000000100001cc                isr_irq22
                0x00000000100001cc                isr_irq17
                0x00000000100001cc                isr_irq14
                0x00000000100001cc                isr_irq2
                0x00000000100001cc                isr_irq10
                0x00000000100001cc                isr_irq8
                0x00000000100001cc                isr_irq24
                0x00000000100001cc                isr_irq1
                0x00000000100001cc                isr_irq7
                0x00000000100001cc                isr_irq21
                0x00000000100001cc                isr_irq20
                0x00000000100001cc                isr_irq15
                0x00000000100001cc                isr_irq25
                0x00000000100001cc                isr_irq4
                0x00000000100001cc                isr_irq16
                0x00000000100001cc                isr_irq29
                0x00000000100001cc                isr_irq26
                0x00000000100001cc                __default_isrs_end
                0x00000000100001cc                isr_irq3
                0x00000000100001cc                isr_irq12
                0x00000000100001cc                isr_irq9
                0x00000000100001d2                unhandled_user_irq_num_in_r0
 *(.binary_info_header)
 .binary_info_header
                0x00000000100001d4       0x14 CMakeFiles/simple_usb.dir/pico-sdk/src/rp2_common/pico_standard_link/crt0.S.obj
                0x00000000100001e8                __binary_info_header_end = .
 *(.reset)
 .reset         0x00000000100001e8       0xa8 CMakeFiles/simple_usb.dir/pico-sdk/src/rp2_common/pico_standard_link/crt0.S.obj
                0x00000000100001e8                _entry_point
                0x0000000010000266                __get_current_exception
 .reset         0x0000000010000290       0x30 CMakeFiles/simple_usb.dir/pico-sdk/src/rp2_common/pico_standard_link/binary_info.c.obj
 *(.init)
 .init          0x00000000100002c0        0x4 /usr/lib/gcc/arm-none-eabi/10.3.1/thumb/v6-m/nofp/crti.o
                0x00000000100002c0                _init
 *(EXCLUDE_FILE(*libm.a: *libc.a:*lib_a-mem*.o *libgcc.a:) .text*)
 .text          0x00000000100002c4       0x98 /usr/lib/gcc/arm-none-eabi/10.3.1/thumb/v6-m/nofp/crtbegin.o
 .text.task_1   0x000000001000035c       0x18 CMakeFiles/simple_usb.dir/main.c.obj
                0x000000001000035c                task_1
 .text.task_2   0x0000000010000374       0x18 CMakeFiles/simple_usb.dir/main.c.obj
                0x0000000010000374                task_2
 .text.startup.main
                0x000000001000038c       0x48 CMakeFiles/simple_usb.dir/main.c.obj
                0x000000001000038c                main
 .text.gpio_set_function
                0x00000000100003d4       0x30 CMakeFiles/simple_usb.dir/pico-sdk/src/rp2_common/hardware_gpio/gpio.c.obj
                0x00000000100003d4                gpio_set_function
 .text.hw_claim_or_assert
                0x0000000010000404       0x44 CMakeFiles/simple_usb.dir/pico-sdk/src/rp2_common/hardware_claim/claim.c.obj
                0x0000000010000404                hw_claim_or_assert
 .text.hw_claim_unused_from_range
                0x0000000010000448       0x9c CMakeFiles/simple_usb.dir/pico-sdk/src/rp2_common/hardware_claim/claim.c.obj
                0x0000000010000448                hw_claim_unused_from_range
 .text.running_on_fpga
                0x00000000100004e4       0x10 CMakeFiles/simple_usb.dir/pico-sdk/src/rp2_common/pico_platform/platform.c.obj
                0x00000000100004e4                running_on_fpga
 .text.spin_locks_reset
                0x00000000100004f4       0x1c CMakeFiles/simple_usb.dir/pico-sdk/src/rp2_common/hardware_sync/sync.c.obj
                0x00000000100004f4                spin_locks_reset
 .text.next_striped_spin_lock_num
                0x0000000010000510       0x18 CMakeFiles/simple_usb.dir/pico-sdk/src/rp2_common/hardware_sync/sync.c.obj
                0x0000000010000510                next_striped_spin_lock_num
 .text.spin_lock_claim_unused
                0x0000000010000528       0x20 CMakeFiles/simple_usb.dir/pico-sdk/src/rp2_common/hardware_sync/sync.c.obj
                0x0000000010000528                spin_lock_claim_unused
 .text.irq_set_enabled
                0x0000000010000548       0x24 CMakeFiles/simple_usb.dir/pico-sdk/src/rp2_common/hardware_irq/irq.c.obj
                0x0000000010000548                irq_set_enabled
 .text.irq_set_pending
                0x000000001000056c       0x10 CMakeFiles/simple_usb.dir/pico-sdk/src/rp2_common/hardware_irq/irq.c.obj
                0x000000001000056c                irq_set_pending
 .text.irq_has_shared_handler
                0x000000001000057c       0x2c CMakeFiles/simple_usb.dir/pico-sdk/src/rp2_common/hardware_irq/irq.c.obj
                0x000000001000057c                irq_has_shared_handler
 .text.irq_get_vtable_handler
                0x00000000100005a8       0x10 CMakeFiles/simple_usb.dir/pico-sdk/src/rp2_common/hardware_irq/irq.c.obj
                0x00000000100005a8                irq_get_vtable_handler
 .text.irq_set_exclusive_handler
                0x00000000100005b8       0x54 CMakeFiles/simple_usb.dir/pico-sdk/src/rp2_common/hardware_irq/irq.c.obj
                0x00000000100005b8                irq_set_exclusive_handler
 .text.irq_add_shared_handler
                0x000000001000060c      0x1e4 CMakeFiles/simple_usb.dir/pico-sdk/src/rp2_common/hardware_irq/irq.c.obj
                0x000000001000060c                irq_add_shared_handler
 .text.irq_remove_handler
                0x00000000100007f0      0x1b4 CMakeFiles/simple_usb.dir/pico-sdk/src/rp2_common/hardware_irq/irq.c.obj
                0x00000000100007f0                irq_remove_handler
 .text.irq_add_tail_to_free_list
                0x00000000100009a4       0xb4 CMakeFiles/simple_usb.dir/pico-sdk/src/rp2_common/hardware_irq/irq.c.obj
                0x00000000100009a4                irq_add_tail_to_free_list
 .text.irq_init_priorities
                0x0000000010000a58       0x24 CMakeFiles/simple_usb.dir/pico-sdk/src/rp2_common/hardware_irq/irq.c.obj
                0x0000000010000a58                irq_init_priorities
 .text.user_irq_claim_unused
                0x0000000010000a7c       0x30 CMakeFiles/simple_usb.dir/pico-sdk/src/rp2_common/hardware_irq/irq.c.obj
                0x0000000010000a7c                user_irq_claim_unused
 .text.lock_init
                0x0000000010000aac       0x10 CMakeFiles/simple_usb.dir/pico-sdk/src/common/pico_sync/lock_core.c.obj
                0x0000000010000aac                lock_init
 .text.timer_pool_entry_comparator
                0x0000000010000abc       0x34 CMakeFiles/simple_usb.dir/pico-sdk/src/common/pico_time/time.c.obj
                0x0000000010000abc                timer_pool_entry_comparator
 .text.sleep_until_callback
                0x0000000010000af0       0x30 CMakeFiles/simple_usb.dir/pico-sdk/src/common/pico_time/time.c.obj
 .text.add_alarm_under_lock.isra.0
                0x0000000010000b20      0x100 CMakeFiles/simple_usb.dir/pico-sdk/src/common/pico_time/time.c.obj
 .text.alarm_pool_alarm_callback
                0x0000000010000c20      0x1c8 CMakeFiles/simple_usb.dir/pico-sdk/src/common/pico_time/time.c.obj
 .text.alarm_pool_add_alarm_at.constprop.0
                0x0000000010000de8      0x11c CMakeFiles/simple_usb.dir/pico-sdk/src/common/pico_time/time.c.obj
 .text.alarm_pool_init_default
                0x0000000010000f04       0x64 CMakeFiles/simple_usb.dir/pico-sdk/src/common/pico_time/time.c.obj
                0x0000000010000f04                alarm_pool_init_default
 .text.alarm_pool_get_default
                0x0000000010000f68        0x8 CMakeFiles/simple_usb.dir/pico-sdk/src/common/pico_time/time.c.obj
                0x0000000010000f68                alarm_pool_get_default
 .text.alarm_pool_add_alarm_at
                0x0000000010000f70      0x194 CMakeFiles/simple_usb.dir/pico-sdk/src/common/pico_time/time.c.obj
                0x0000000010000f70                alarm_pool_add_alarm_at
 .text.best_effort_wfe_or_timeout
                0x0000000010001104       0xd4 CMakeFiles/simple_usb.dir/pico-sdk/src/common/pico_time/time.c.obj
                0x0000000010001104                best_effort_wfe_or_timeout
 .text.hardware_alarm_irq_handler
                0x00000000100011d8       0xb8 CMakeFiles/simple_usb.dir/pico-sdk/src/rp2_common/hardware_timer/timer.c.obj
 .text.hardware_alarm_claim
                0x0000000010001290       0x18 CMakeFiles/simple_usb.dir/pico-sdk/src/rp2_common/hardware_timer/timer.c.obj
                0x0000000010001290                hardware_alarm_claim
 .text.time_us_64
                0x00000000100012a8       0x14 CMakeFiles/simple_usb.dir/pico-sdk/src/rp2_common/hardware_timer/timer.c.obj
                0x00000000100012a8                time_us_64
 .text.hardware_alarm_set_callback
                0x00000000100012bc       0x8c CMakeFiles/simple_usb.dir/pico-sdk/src/rp2_common/hardware_timer/timer.c.obj
                0x00000000100012bc                hardware_alarm_set_callback
 .text.hardware_alarm_set_target
                0x0000000010001348       0xe0 CMakeFiles/simple_usb.dir/pico-sdk/src/rp2_common/hardware_timer/timer.c.obj
                0x0000000010001348                hardware_alarm_set_target
 .text.hardware_alarm_cancel
                0x0000000010001428       0x3c CMakeFiles/simple_usb.dir/pico-sdk/src/rp2_common/hardware_timer/timer.c.obj
                0x0000000010001428                hardware_alarm_cancel
 .text.ph_merge_nodes
                0x0000000010001464       0x68 CMakeFiles/simple_usb.dir/pico-sdk/src/common/pico_util/pheap.c.obj
 .text.ph_post_alloc_init
                0x00000000100014cc       0x3c CMakeFiles/simple_usb.dir/pico-sdk/src/common/pico_util/pheap.c.obj
                0x00000000100014cc                ph_post_alloc_init
 .text.ph_merge_two_pass
                0x0000000010001508       0x90 CMakeFiles/simple_usb.dir/pico-sdk/src/common/pico_util/pheap.c.obj
                0x0000000010001508                ph_merge_two_pass
 .text.ph_remove_any_head
                0x0000000010001598       0xf8 CMakeFiles/simple_usb.dir/pico-sdk/src/common/pico_util/pheap.c.obj
 .text.ph_remove_head
                0x0000000010001690       0xfc CMakeFiles/simple_usb.dir/pico-sdk/src/common/pico_util/pheap.c.obj
                0x0000000010001690                ph_remove_head
 .text.ph_remove_and_free_node
                0x000000001000178c       0x7c CMakeFiles/simple_usb.dir/pico-sdk/src/common/pico_util/pheap.c.obj
                0x000000001000178c                ph_remove_and_free_node
 .text.mutex_init
                0x0000000010001808       0x1c CMakeFiles/simple_usb.dir/pico-sdk/src/common/pico_sync/mutex.c.obj
                0x0000000010001808                mutex_init
 .text.recursive_mutex_init
                0x0000000010001824       0x1c CMakeFiles/simple_usb.dir/pico-sdk/src/common/pico_sync/mutex.c.obj
                0x0000000010001824                recursive_mutex_init
 .text.critical_section_init
                0x0000000010001840       0x20 CMakeFiles/simple_usb.dir/pico-sdk/src/common/pico_sync/critical_section.c.obj
                0x0000000010001840                critical_section_init
 .text.uart_init
                0x0000000010001860       0xe0 CMakeFiles/simple_usb.dir/pico-sdk/src/rp2_common/hardware_uart/uart.c.obj
                0x0000000010001860                uart_init
 .text.runtime_init
                0x0000000010001940       0xf0 CMakeFiles/simple_usb.dir/pico-sdk/src/rp2_common/pico_runtime/runtime.c.obj
                0x0000000010001940                runtime_init
 .text._sbrk    0x0000000010001a30       0x34 CMakeFiles/simple_usb.dir/pico-sdk/src/rp2_common/pico_runtime/runtime.c.obj
                0x0000000010001a30                _sbrk
 .text.exit     0x0000000010001a64        0x4 CMakeFiles/simple_usb.dir/pico-sdk/src/rp2_common/pico_runtime/runtime.c.obj
                0x0000000010001a64                exit
 .text.panic    0x0000000010001a68       0x30 CMakeFiles/simple_usb.dir/pico-sdk/src/rp2_common/pico_runtime/runtime.c.obj
                0x0000000010001a68                panic
 .text.hard_assertion_failure
                0x0000000010001a98        0xc CMakeFiles/simple_usb.dir/pico-sdk/src/rp2_common/pico_runtime/runtime.c.obj
                0x0000000010001a98                hard_assertion_failure
 .text.clocks_init
                0x0000000010001aa4      0x2bc CMakeFiles/simple_usb.dir/pico-sdk/src/rp2_common/hardware_clocks/clocks.c.obj
                0x0000000010001aa4                clocks_init
 .text.clock_get_hz
                0x0000000010001d60        0xc CMakeFiles/simple_usb.dir/pico-sdk/src/rp2_common/hardware_clocks/clocks.c.obj
                0x0000000010001d60                clock_get_hz
 .text.pll_init
                0x0000000010001d6c       0xb0 CMakeFiles/simple_usb.dir/pico-sdk/src/rp2_common/hardware_pll/pll.c.obj
                0x0000000010001d6c                pll_init
 .text.watchdog_start_tick
                0x0000000010001e1c       0x10 CMakeFiles/simple_usb.dir/pico-sdk/src/rp2_common/hardware_watchdog/watchdog.c.obj
                0x0000000010001e1c                watchdog_start_tick
 .text.watchdog_reboot
                0x0000000010001e2c       0x98 CMakeFiles/simple_usb.dir/pico-sdk/src/rp2_common/hardware_watchdog/watchdog.c.obj
                0x0000000010001e2c                watchdog_reboot
 .text.xosc_init
                0x0000000010001ec4       0x28 CMakeFiles/simple_usb.dir/pico-sdk/src/rp2_common/hardware_xosc/xosc.c.obj
                0x0000000010001ec4                xosc_init
 .text._out_char
                0x0000000010001eec       0x10 CMakeFiles/simple_usb.dir/pico-sdk/src/rp2_common/pico_printf/printf.c.obj
 .text.weak_raw_vprintf
                0x0000000010001efc       0x30 CMakeFiles/simple_usb.dir/pico-sdk/src/rp2_common/pico_printf/printf.c.obj
                0x0000000010001efc                weak_raw_vprintf
 .text          0x0000000010001f2c       0x10 CMakeFiles/simple_usb.dir/pico-sdk/src/rp2_common/pico_bit_ops/bit_ops_aeabi.S.obj
 .text.rom_func_lookup
                0x0000000010001f3c       0x10 CMakeFiles/simple_usb.dir/pico-sdk/src/rp2_common/pico_bootrom/bootrom.c.obj
                0x0000000010001f3c                rom_func_lookup
 .text.rom_data_lookup
                0x0000000010001f4c       0x10 CMakeFiles/simple_usb.dir/pico-sdk/src/rp2_common/pico_bootrom/bootrom.c.obj
                0x0000000010001f4c                rom_data_lookup
 .text.rom_funcs_lookup
                0x0000000010001f5c       0x44 CMakeFiles/simple_usb.dir/pico-sdk/src/rp2_common/pico_bootrom/bootrom.c.obj
                0x0000000010001f5c                rom_funcs_lookup
 .text.__wrap___aeabi_uidiv
                0x0000000010001fa0       0x4c CMakeFiles/simple_usb.dir/pico-sdk/src/rp2_common/pico_divider/divider.S.obj
                0x0000000010001fa0                __wrap___aeabi_uidiv
                0x0000000010001fa0                __wrap___aeabi_uidivmod
                0x0000000010001fa0                div_u32u32
                0x0000000010001fa0                divmod_u32u32
                0x0000000010001fa8                divmod_u32u32_unsafe
                0x0000000010001fd0                divmod_u32u32_savestate
 .text.missing_double_func_shim
                0x0000000010001fec        0xc CMakeFiles/simple_usb.dir/pico-sdk/src/rp2_common/pico_double/double_init_rom.c.obj
 .text.__aeabi_double_init
                0x0000000010001ff8       0x98 CMakeFiles/simple_usb.dir/pico-sdk/src/rp2_common/pico_double/double_init_rom.c.obj
                0x0000000010001ff8                __aeabi_double_init
 .text.double_table_shim_on_use_helper
                0x0000000010002090       0x2c CMakeFiles/simple_usb.dir/pico-sdk/src/rp2_common/pico_double/double_v1_rom_shim.S.obj
                0x0000000010002090                double_table_shim_on_use_helper
 .text.__aeabi_lmul
                0x00000000100020bc       0x32 CMakeFiles/simple_usb.dir/pico-sdk/src/rp2_common/pico_int64_ops/pico_int64_ops_aeabi.S.obj
                0x00000000100020bc                __wrap___aeabi_lmul
 *fill*         0x00000000100020ee        0x2 
 .text.missing_float_func_shim
                0x00000000100020f0        0xc CMakeFiles/simple_usb.dir/pico-sdk/src/rp2_common/pico_float/float_init_rom.c.obj
 .text.__aeabi_float_init
                0x00000000100020fc       0x5c CMakeFiles/simple_usb.dir/pico-sdk/src/rp2_common/pico_float/float_init_rom.c.obj
                0x00000000100020fc                __aeabi_float_init
 .text.__wrap_malloc
                0x0000000010002158       0x24 CMakeFiles/simple_usb.dir/pico-sdk/src/rp2_common/pico_malloc/pico_malloc.c.obj
                0x0000000010002158                __wrap_malloc
 .text.__wrap_free
                0x000000001000217c        0x8 CMakeFiles/simple_usb.dir/pico-sdk/src/rp2_common/pico_malloc/pico_malloc.c.obj
                0x000000001000217c                __wrap_free
 .text          0x0000000010002184       0x10 CMakeFiles/simple_usb.dir/pico-sdk/src/rp2_common/pico_mem_ops/mem_ops_aeabi.S.obj
                0x0000000010002184                __aeabi_mem_init
 .text.memset   0x0000000010002194        0xc CMakeFiles/simple_usb.dir/pico-sdk/src/rp2_common/pico_mem_ops/mem_ops_aeabi.S.obj
                0x0000000010002194                __wrap_memset
 .text.memcpy   0x00000000100021a0        0xc CMakeFiles/simple_usb.dir/pico-sdk/src/rp2_common/pico_mem_ops/mem_ops_aeabi.S.obj
                0x00000000100021a0                __wrap___aeabi_memcpy
                0x00000000100021a0                __wrap_memcpy
 .text.stdio_out_chars_no_crlf
                0x00000000100021ac       0x10 CMakeFiles/simple_usb.dir/pico-sdk/src/rp2_common/pico_stdio/stdio.c.obj
 .text.stdio_out_chars_crlf
                0x00000000100021bc       0xb4 CMakeFiles/simple_usb.dir/pico-sdk/src/rp2_common/pico_stdio/stdio.c.obj
 .text.stdio_put_string.isra.0
                0x0000000010002270       0xfc CMakeFiles/simple_usb.dir/pico-sdk/src/rp2_common/pico_stdio/stdio.c.obj
 .text.__wrap_putchar
                0x000000001000236c       0xa0 CMakeFiles/simple_usb.dir/pico-sdk/src/rp2_common/pico_stdio/stdio.c.obj
                0x000000001000236c                __wrap_putchar
 .text.__wrap_puts
                0x000000001000240c       0x3c CMakeFiles/simple_usb.dir/pico-sdk/src/rp2_common/pico_stdio/stdio.c.obj
                0x000000001000240c                __wrap_puts
 .text.stdio_set_driver_enabled
                0x0000000010002448       0x30 CMakeFiles/simple_usb.dir/pico-sdk/src/rp2_common/pico_stdio/stdio.c.obj
                0x0000000010002448                stdio_set_driver_enabled
 .text.stdio_init_all
                0x0000000010002478        0xc CMakeFiles/simple_usb.dir/pico-sdk/src/rp2_common/pico_stdio/stdio.c.obj
                0x0000000010002478                stdio_init_all
 .text.stdio_uart_out_chars
                0x0000000010002484       0x4c CMakeFiles/simple_usb.dir/pico-sdk/src/rp2_common/pico_stdio_uart/stdio_uart.c.obj
 .text.stdio_uart_in_chars
                0x00000000100024d0       0x38 CMakeFiles/simple_usb.dir/pico-sdk/src/rp2_common/pico_stdio_uart/stdio_uart.c.obj
                0x00000000100024d0                stdio_uart_in_chars
 .text.stdio_uart_init
                0x0000000010002508       0x48 CMakeFiles/simple_usb.dir/pico-sdk/src/rp2_common/pico_stdio_uart/stdio_uart.c.obj
                0x0000000010002508                stdio_uart_init
 .text.resetd_init
                0x0000000010002550        0x4 CMakeFiles/simple_usb.dir/pico-sdk/src/rp2_common/pico_stdio_usb/reset_interface.c.obj
 .text.resetd_reset
                0x0000000010002554        0xc CMakeFiles/simple_usb.dir/pico-sdk/src/rp2_common/pico_stdio_usb/reset_interface.c.obj
 .text.resetd_open
                0x0000000010002560       0x28 CMakeFiles/simple_usb.dir/pico-sdk/src/rp2_common/pico_stdio_usb/reset_interface.c.obj
 .text.resetd_xfer_cb
                0x0000000010002588        0x4 CMakeFiles/simple_usb.dir/pico-sdk/src/rp2_common/pico_stdio_usb/reset_interface.c.obj
 .text.resetd_control_xfer_cb
                0x000000001000258c       0x64 CMakeFiles/simple_usb.dir/pico-sdk/src/rp2_common/pico_stdio_usb/reset_interface.c.obj
 .text.usbd_app_driver_get_cb
                0x00000000100025f0        0xc CMakeFiles/simple_usb.dir/pico-sdk/src/rp2_common/pico_stdio_usb/reset_interface.c.obj
                0x00000000100025f0                usbd_app_driver_get_cb
 .text.tud_cdc_line_coding_cb
                0x00000000100025fc       0x34 CMakeFiles/simple_usb.dir/pico-sdk/src/rp2_common/pico_stdio_usb/reset_interface.c.obj
                0x00000000100025fc                tud_cdc_line_coding_cb
 .text.stdio_usb_in_chars
                0x0000000010002630       0x68 CMakeFiles/simple_usb.dir/pico-sdk/src/rp2_common/pico_stdio_usb/stdio_usb.c.obj
                0x0000000010002630                stdio_usb_in_chars
 .text.stdio_usb_out_chars
                0x0000000010002698       0xe4 CMakeFiles/simple_usb.dir/pico-sdk/src/rp2_common/pico_stdio_usb/stdio_usb.c.obj
 .text.timer_task
                0x000000001000277c       0x18 CMakeFiles/simple_usb.dir/pico-sdk/src/rp2_common/pico_stdio_usb/stdio_usb.c.obj
 .text.usb_irq  0x0000000010002794       0x10 CMakeFiles/simple_usb.dir/pico-sdk/src/rp2_common/pico_stdio_usb/stdio_usb.c.obj
 .text.low_priority_worker_irq
                0x00000000100027a4       0x24 CMakeFiles/simple_usb.dir/pico-sdk/src/rp2_common/pico_stdio_usb/stdio_usb.c.obj
 .text.stdio_usb_init
                0x00000000100027c8       0xb0 CMakeFiles/simple_usb.dir/pico-sdk/src/rp2_common/pico_stdio_usb/stdio_usb.c.obj
                0x00000000100027c8                stdio_usb_init
 .text.tud_descriptor_device_cb
                0x0000000010002878        0x8 CMakeFiles/simple_usb.dir/pico-sdk/src/rp2_common/pico_stdio_usb/stdio_usb_descriptors.c.obj
                0x0000000010002878                tud_descriptor_device_cb
 .text.tud_descriptor_configuration_cb
                0x0000000010002880        0x8 CMakeFiles/simple_usb.dir/pico-sdk/src/rp2_common/pico_stdio_usb/stdio_usb_descriptors.c.obj
                0x0000000010002880                tud_descriptor_configuration_cb
 .text.tud_descriptor_string_cb
                0x0000000010002888       0x74 CMakeFiles/simple_usb.dir/pico-sdk/src/rp2_common/pico_stdio_usb/stdio_usb_descriptors.c.obj
                0x0000000010002888                tud_descriptor_string_cb
 .text.dcd_rp2040_irq
                0x00000000100028fc      0x21c CMakeFiles/simple_usb.dir/pico-sdk/lib/tinyusb/src/portable/raspberrypi/rp2040/dcd_rp2040.c.obj
 .text.dcd_int_enable
                0x0000000010002b18        0xc CMakeFiles/simple_usb.dir/pico-sdk/lib/tinyusb/src/portable/raspberrypi/rp2040/dcd_rp2040.c.obj
                0x0000000010002b18                dcd_int_enable
 .text.dcd_set_address
                0x0000000010002b24       0x14 CMakeFiles/simple_usb.dir/pico-sdk/lib/tinyusb/src/portable/raspberrypi/rp2040/dcd_rp2040.c.obj
                0x0000000010002b24                dcd_set_address
 .text.dcd_connect
                0x0000000010002b38       0x10 CMakeFiles/simple_usb.dir/pico-sdk/lib/tinyusb/src/portable/raspberrypi/rp2040/dcd_rp2040.c.obj
                0x0000000010002b38                dcd_connect
 .text.dcd_init
                0x0000000010002b48      0x144 CMakeFiles/simple_usb.dir/pico-sdk/lib/tinyusb/src/portable/raspberrypi/rp2040/dcd_rp2040.c.obj
                0x0000000010002b48                dcd_init
 .text.dcd_edpt0_status_complete
                0x0000000010002c8c       0x1c CMakeFiles/simple_usb.dir/pico-sdk/lib/tinyusb/src/portable/raspberrypi/rp2040/dcd_rp2040.c.obj
                0x0000000010002c8c                dcd_edpt0_status_complete
 .text.dcd_edpt_open
                0x0000000010002ca8       0xf0 CMakeFiles/simple_usb.dir/pico-sdk/lib/tinyusb/src/portable/raspberrypi/rp2040/dcd_rp2040.c.obj
                0x0000000010002ca8                dcd_edpt_open
 .text.dcd_edpt_close_all
                0x0000000010002d98       0xbc CMakeFiles/simple_usb.dir/pico-sdk/lib/tinyusb/src/portable/raspberrypi/rp2040/dcd_rp2040.c.obj
                0x0000000010002d98                dcd_edpt_close_all
 .text.dcd_edpt_xfer
                0x0000000010002e54       0x24 CMakeFiles/simple_usb.dir/pico-sdk/lib/tinyusb/src/portable/raspberrypi/rp2040/dcd_rp2040.c.obj
                0x0000000010002e54                dcd_edpt_xfer
 .text.dcd_edpt_stall
                0x0000000010002e78       0x38 CMakeFiles/simple_usb.dir/pico-sdk/lib/tinyusb/src/portable/raspberrypi/rp2040/dcd_rp2040.c.obj
                0x0000000010002e78                dcd_edpt_stall
 .text.dcd_edpt_clear_stall
                0x0000000010002eb0       0x30 CMakeFiles/simple_usb.dir/pico-sdk/lib/tinyusb/src/portable/raspberrypi/rp2040/dcd_rp2040.c.obj
                0x0000000010002eb0                dcd_edpt_clear_stall
 .text._hw_endpoint_buffer_control_update32.part.0.isra.0
                0x0000000010002ee0       0x1c CMakeFiles/simple_usb.dir/pico-sdk/lib/tinyusb/src/portable/raspberrypi/rp2040/rp2040_usb.c.obj
 .text.rp2040_usb_init
                0x0000000010002efc       0x4c CMakeFiles/simple_usb.dir/pico-sdk/lib/tinyusb/src/portable/raspberrypi/rp2040/rp2040_usb.c.obj
                0x0000000010002efc                rp2040_usb_init
 .text.hw_endpoint_reset_transfer
                0x0000000010002f48        0xc CMakeFiles/simple_usb.dir/pico-sdk/lib/tinyusb/src/portable/raspberrypi/rp2040/rp2040_usb.c.obj
                0x0000000010002f48                hw_endpoint_reset_transfer
 .text._hw_endpoint_buffer_control_update32
                0x0000000010002f54       0x44 CMakeFiles/simple_usb.dir/pico-sdk/lib/tinyusb/src/portable/raspberrypi/rp2040/rp2040_usb.c.obj
                0x0000000010002f54                _hw_endpoint_buffer_control_update32
 .text.hw_endpoint_xfer_start
                0x0000000010002f98      0x138 CMakeFiles/simple_usb.dir/pico-sdk/lib/tinyusb/src/portable/raspberrypi/rp2040/rp2040_usb.c.obj
                0x0000000010002f98                hw_endpoint_xfer_start
 .text.hw_endpoint_xfer_continue
                0x00000000100030d0      0x1e4 CMakeFiles/simple_usb.dir/pico-sdk/lib/tinyusb/src/portable/raspberrypi/rp2040/rp2040_usb.c.obj
                0x00000000100030d0                hw_endpoint_xfer_continue
 .text.tud_mounted
                0x00000000100032b4       0x10 CMakeFiles/simple_usb.dir/pico-sdk/lib/tinyusb/src/device/usbd.c.obj
                0x00000000100032b4                tud_mounted
 .text.tud_suspended
                0x00000000100032c4       0x10 CMakeFiles/simple_usb.dir/pico-sdk/lib/tinyusb/src/device/usbd.c.obj
                0x00000000100032c4                tud_suspended
 .text.tud_inited
                0x00000000100032d4        0xc CMakeFiles/simple_usb.dir/pico-sdk/lib/tinyusb/src/device/usbd.c.obj
                0x00000000100032d4                tud_inited
 .text.tud_init
                0x00000000100032e0       0xd8 CMakeFiles/simple_usb.dir/pico-sdk/lib/tinyusb/src/device/usbd.c.obj
                0x00000000100032e0                tud_init
 .text.tud_task
                0x00000000100033b8      0x8ec CMakeFiles/simple_usb.dir/pico-sdk/lib/tinyusb/src/device/usbd.c.obj
                0x00000000100033b8                tud_task
 .text.dcd_event_bus_signal
                0x0000000010003ca4      0x120 CMakeFiles/simple_usb.dir/pico-sdk/lib/tinyusb/src/device/usbd.c.obj
                0x0000000010003ca4                dcd_event_bus_signal
 .text.dcd_event_bus_reset
                0x0000000010003dc4       0x54 CMakeFiles/simple_usb.dir/pico-sdk/lib/tinyusb/src/device/usbd.c.obj
                0x0000000010003dc4                dcd_event_bus_reset
 .text.dcd_event_setup_received
                0x0000000010003e18       0x50 CMakeFiles/simple_usb.dir/pico-sdk/lib/tinyusb/src/device/usbd.c.obj
                0x0000000010003e18                dcd_event_setup_received
 .text.dcd_event_xfer_complete
                0x0000000010003e68       0x68 CMakeFiles/simple_usb.dir/pico-sdk/lib/tinyusb/src/device/usbd.c.obj
                0x0000000010003e68                dcd_event_xfer_complete
 .text.usbd_open_edpt_pair
                0x0000000010003ed0       0x80 CMakeFiles/simple_usb.dir/pico-sdk/lib/tinyusb/src/device/usbd.c.obj
                0x0000000010003ed0                usbd_open_edpt_pair
 .text.usbd_edpt_open
                0x0000000010003f50       0x30 CMakeFiles/simple_usb.dir/pico-sdk/lib/tinyusb/src/device/usbd.c.obj
                0x0000000010003f50                usbd_edpt_open
 .text.usbd_edpt_claim
                0x0000000010003f80       0x64 CMakeFiles/simple_usb.dir/pico-sdk/lib/tinyusb/src/device/usbd.c.obj
                0x0000000010003f80                usbd_edpt_claim
 .text.usbd_edpt_release
                0x0000000010003fe4       0x4c CMakeFiles/simple_usb.dir/pico-sdk/lib/tinyusb/src/device/usbd.c.obj
                0x0000000010003fe4                usbd_edpt_release
 .text.usbd_edpt_xfer
                0x0000000010004030       0x48 CMakeFiles/simple_usb.dir/pico-sdk/lib/tinyusb/src/device/usbd.c.obj
                0x0000000010004030                usbd_edpt_xfer
 .text.tud_control_status
                0x0000000010004078       0x30 CMakeFiles/simple_usb.dir/pico-sdk/lib/tinyusb/src/device/usbd_control.c.obj
                0x0000000010004078                tud_control_status
 .text.tud_control_xfer
                0x00000000100040a8       0xbc CMakeFiles/simple_usb.dir/pico-sdk/lib/tinyusb/src/device/usbd_control.c.obj
                0x00000000100040a8                tud_control_xfer
 .text.usbd_control_reset
                0x0000000010004164       0x14 CMakeFiles/simple_usb.dir/pico-sdk/lib/tinyusb/src/device/usbd_control.c.obj
                0x0000000010004164                usbd_control_reset
 .text.usbd_control_set_complete_callback
                0x0000000010004178        0xc CMakeFiles/simple_usb.dir/pico-sdk/lib/tinyusb/src/device/usbd_control.c.obj
                0x0000000010004178                usbd_control_set_complete_callback
 .text.usbd_control_set_request
                0x0000000010004184       0x1c CMakeFiles/simple_usb.dir/pico-sdk/lib/tinyusb/src/device/usbd_control.c.obj
                0x0000000010004184                usbd_control_set_request
 .text.usbd_control_xfer_cb
                0x00000000100041a0       0xfc CMakeFiles/simple_usb.dir/pico-sdk/lib/tinyusb/src/device/usbd_control.c.obj
                0x00000000100041a0                usbd_control_xfer_cb
 .text.tud_cdc_n_connected
                0x000000001000429c       0x30 CMakeFiles/simple_usb.dir/pico-sdk/lib/tinyusb/src/class/cdc/cdc_device.c.obj
                0x000000001000429c                tud_cdc_n_connected
 .text.tud_cdc_n_available
                0x00000000100042cc       0x18 CMakeFiles/simple_usb.dir/pico-sdk/lib/tinyusb/src/class/cdc/cdc_device.c.obj
                0x00000000100042cc                tud_cdc_n_available
 .text.tud_cdc_n_read
                0x00000000100042e4       0x70 CMakeFiles/simple_usb.dir/pico-sdk/lib/tinyusb/src/class/cdc/cdc_device.c.obj
                0x00000000100042e4                tud_cdc_n_read
 .text.tud_cdc_n_write_flush
                0x0000000010004354       0x78 CMakeFiles/simple_usb.dir/pico-sdk/lib/tinyusb/src/class/cdc/cdc_device.c.obj
                0x0000000010004354                tud_cdc_n_write_flush
 .text.tud_cdc_n_write
                0x00000000100043cc       0x34 CMakeFiles/simple_usb.dir/pico-sdk/lib/tinyusb/src/class/cdc/cdc_device.c.obj
                0x00000000100043cc                tud_cdc_n_write
 .text.tud_cdc_n_write_available
                0x0000000010004400       0x18 CMakeFiles/simple_usb.dir/pico-sdk/lib/tinyusb/src/class/cdc/cdc_device.c.obj
                0x0000000010004400                tud_cdc_n_write_available
 .text.cdcd_init
                0x0000000010004418       0x7c CMakeFiles/simple_usb.dir/pico-sdk/lib/tinyusb/src/class/cdc/cdc_device.c.obj
                0x0000000010004418                cdcd_init
 .text.cdcd_reset
                0x0000000010004494       0x2c CMakeFiles/simple_usb.dir/pico-sdk/lib/tinyusb/src/class/cdc/cdc_device.c.obj
                0x0000000010004494                cdcd_reset
 .text.cdcd_open
                0x00000000100044c0       0xe4 CMakeFiles/simple_usb.dir/pico-sdk/lib/tinyusb/src/class/cdc/cdc_device.c.obj
                0x00000000100044c0                cdcd_open
 .text.cdcd_control_xfer_cb
                0x00000000100045a4       0xe4 CMakeFiles/simple_usb.dir/pico-sdk/lib/tinyusb/src/class/cdc/cdc_device.c.obj
                0x00000000100045a4                cdcd_control_xfer_cb
 .text.cdcd_xfer_cb
                0x0000000010004688      0x148 CMakeFiles/simple_usb.dir/pico-sdk/lib/tinyusb/src/class/cdc/cdc_device.c.obj
                0x0000000010004688                cdcd_xfer_cb
 .text.tusb_init
                0x00000000100047d0        0xc CMakeFiles/simple_usb.dir/pico-sdk/lib/tinyusb/src/tusb.c.obj
                0x00000000100047d0                tusb_init
 .text.tusb_inited
                0x00000000100047dc        0x8 CMakeFiles/simple_usb.dir/pico-sdk/lib/tinyusb/src/tusb.c.obj
                0x00000000100047dc                tusb_inited
 .text.tu_edpt_validate
                0x00000000100047e4       0x78 CMakeFiles/simple_usb.dir/pico-sdk/lib/tinyusb/src/tusb.c.obj
                0x00000000100047e4                tu_edpt_validate
 .text.tu_edpt_bind_driver
                0x000000001000485c       0x2c CMakeFiles/simple_usb.dir/pico-sdk/lib/tinyusb/src/tusb.c.obj
                0x000000001000485c                tu_edpt_bind_driver
 .text.tu_fifo_config
                0x0000000010004888       0x78 CMakeFiles/simple_usb.dir/pico-sdk/lib/tinyusb/src/common/tusb_fifo.c.obj
                0x0000000010004888                tu_fifo_config
 .text.tu_fifo_count
                0x0000000010004900       0x20 CMakeFiles/simple_usb.dir/pico-sdk/lib/tinyusb/src/common/tusb_fifo.c.obj
                0x0000000010004900                tu_fifo_count
 .text.tu_fifo_empty
                0x0000000010004920       0x10 CMakeFiles/simple_usb.dir/pico-sdk/lib/tinyusb/src/common/tusb_fifo.c.obj
                0x0000000010004920                tu_fifo_empty
 .text.tu_fifo_remaining
                0x0000000010004930       0x1c CMakeFiles/simple_usb.dir/pico-sdk/lib/tinyusb/src/common/tusb_fifo.c.obj
                0x0000000010004930                tu_fifo_remaining
 .text.tu_fifo_read
                0x000000001000494c       0x9c CMakeFiles/simple_usb.dir/pico-sdk/lib/tinyusb/src/common/tusb_fifo.c.obj
                0x000000001000494c                tu_fifo_read
 .text.tu_fifo_read_n
                0x00000000100049e8      0x100 CMakeFiles/simple_usb.dir/pico-sdk/lib/tinyusb/src/common/tusb_fifo.c.obj
                0x00000000100049e8                tu_fifo_read_n
 .text.tu_fifo_write
                0x0000000010004ae8       0x7c CMakeFiles/simple_usb.dir/pico-sdk/lib/tinyusb/src/common/tusb_fifo.c.obj
                0x0000000010004ae8                tu_fifo_write
 .text.tu_fifo_write_n
                0x0000000010004b64      0x100 CMakeFiles/simple_usb.dir/pico-sdk/lib/tinyusb/src/common/tusb_fifo.c.obj
                0x0000000010004b64                tu_fifo_write_n
 .text.tu_fifo_clear
                0x0000000010004c64       0x4c CMakeFiles/simple_usb.dir/pico-sdk/lib/tinyusb/src/common/tusb_fifo.c.obj
                0x0000000010004c64                tu_fifo_clear
 .text.tu_fifo_set_overwritable
                0x0000000010004cb0       0x3c CMakeFiles/simple_usb.dir/pico-sdk/lib/tinyusb/src/common/tusb_fifo.c.obj
                0x0000000010004cb0                tu_fifo_set_overwritable
 .text.startup._retrieve_unique_id_on_boot
                0x0000000010004cec       0x10 CMakeFiles/simple_usb.dir/pico-sdk/src/rp2_common/pico_unique_id/unique_id.c.obj
 .text.pico_get_unique_board_id_string
                0x0000000010004cfc      0x1a8 CMakeFiles/simple_usb.dir/pico-sdk/src/rp2_common/pico_unique_id/unique_id.c.obj
                0x0000000010004cfc                pico_get_unique_board_id_string
 .text.flash_get_unique_id
                0x0000000010004ea4       0x40 CMakeFiles/simple_usb.dir/pico-sdk/src/rp2_common/hardware_flash/flash.c.obj
                0x0000000010004ea4                flash_get_unique_id
 .text          0x0000000010004ee4     0x1530 libfreertos.a(tasks.c.obj)
                0x00000000100050c0                xTaskCreate
                0x00000000100052ec                vTaskDelete
                0x0000000010005384                uxTaskPriorityGet
                0x00000000100053a4                uxTaskPriorityGetFromISR
                0x00000000100053c4                vTaskPrioritySet
                0x0000000010005480                vTaskSuspend
                0x00000000100055c0                vTaskResume
                0x0000000010005644                xTaskResumeFromISR
                0x00000000100056e4                vTaskStartScheduler
                0x0000000010005850                vTaskEndScheduler
                0x0000000010005864                vTaskSuspendAll
                0x0000000010005874                xTaskResumeAll
                0x00000000100059a8                xTaskDelayUntil
                0x0000000010005a24                vTaskDelay
                0x0000000010005a78                xTaskGetTickCount
                0x0000000010005a84                xTaskGetTickCountFromISR
                0x0000000010005a90                uxTaskGetNumberOfTasks
                0x0000000010005a9c                pcTaskGetName
                0x0000000010005ab0                xTaskCatchUpTicks
                0x0000000010005adc                xTaskIncrementTick
                0x0000000010005b00                vTaskSwitchContext
                0x0000000010005ba4                vTaskPlaceOnEventList
                0x0000000010005c18                vTaskPlaceOnUnorderedEventList
                0x0000000010005cb4                vTaskPlaceOnEventListRestricted
                0x0000000010005d50                xTaskRemoveFromEventList
                0x0000000010005e18                vTaskRemoveFromUnorderedEventList
                0x0000000010005eac                vTaskSetTimeOutState
                0x0000000010005ec8                vTaskInternalSetTimeOutState
                0x0000000010005ed8                xTaskCheckForTimeOut
                0x0000000010005f28                vTaskMissedYield
                0x0000000010005f34                vTaskSetThreadLocalStoragePointer
                0x0000000010005f50                pvTaskGetThreadLocalStoragePointer
                0x0000000010005f70                xTaskGetCurrentTaskHandle
                0x0000000010005f7c                xTaskGetSchedulerState
                0x0000000010005f94                uxTaskResetEventItemValue
                0x0000000010005fac                ulTaskGenericNotifyTake
                0x0000000010006028                xTaskGenericNotifyWait
                0x00000000100060c4                xTaskGenericNotify
                0x00000000100061ac                xTaskGenericNotifyFromISR
                0x00000000100062d4                vTaskGenericNotifyGiveFromISR
                0x00000000100063b4                xTaskGenericNotifyStateClear
                0x00000000100063e4                ulTaskGenericNotifyValueClear
 .text          0x0000000010006414      0x534 libfreertos.a(timers.c.obj)
                0x000000001000672c                xTimerCreateTimerTask
                0x00000000100067a0                xTimerCreate
                0x0000000010006848                xTimerGenericCommand
                0x000000001000689c                xTimerGetTimerDaemonTaskHandle
                0x00000000100068a8                xTimerGetPeriod
                0x00000000100068ac                vTimerSetReloadMode
                0x00000000100068d0                xTimerGetReloadMode
                0x00000000100068e8                uxTimerGetReloadMode
                0x0000000010006900                xTimerGetExpiryTime
                0x0000000010006904                pcTimerGetName
                0x0000000010006908                xTimerIsTimerActive
                0x0000000010006920                pvTimerGetTimerID
                0x0000000010006934                vTimerSetTimerID
 .text          0x0000000010006948       0x30 libfreertos.a(heap_3.c.obj)
                0x0000000010006948                pvPortMalloc
                0x0000000010006960                vPortFree
 *fill*         0x0000000010006978        0x8 
 .text          0x0000000010006980      0x194 libfreertos.a(port.c.obj)
                0x00000000100069c4                pxPortInitialiseStack
                0x00000000100069e4                isr_svcall
                0x00000000100069e8                vPortEndScheduler
                0x00000000100069ec                vPortYield
                0x0000000010006a04                vPortEnterCritical
                0x0000000010006a1c                vPortExitCritical
                0x0000000010006a30                ulSetInterruptMaskFromISR
                0x0000000010006a38                vClearInterruptMaskFromISR
                0x0000000010006a40                isr_pendsv
                0x0000000010006a84                isr_systick
                0x0000000010006aa8                vPortSetupTimerInterrupt
                0x0000000010006ad0                xPortStartScheduler
 .text          0x0000000010006b14       0x8c libfreertos.a(list.c.obj)
                0x0000000010006b14                vListInitialise
                0x0000000010006b2c                vListInitialiseItem
                0x0000000010006b34                vListInsertEnd
                0x0000000010006b4c                vListInsert
                0x0000000010006b7c                uxListRemove
 .text          0x0000000010006ba0     0x11fc libfreertos.a(queue.c.obj)
                0x0000000010006ba0                xQueueGenericReset
                0x0000000010006c40                xQueueGenericCreate
                0x0000000010006cd8                xQueueGenericSend
                0x0000000010006ff0                xQueueGenericSendFromISR
                0x0000000010007108                xQueueGiveFromISR
                0x0000000010007174                xQueueReceive
                0x0000000010007414                xQueueSemaphoreTake
                0x0000000010007698                xQueuePeek
                0x0000000010007934                xQueueReceiveFromISR
                0x00000000100079c4                xQueuePeekFromISR
                0x0000000010007a04                uxQueueMessagesWaiting
                0x0000000010007a18                uxQueueSpacesAvailable
                0x0000000010007a30                uxQueueMessagesWaitingFromISR
                0x0000000010007a34                vQueueDelete
                0x0000000010007ab4                xQueueIsQueueEmptyFromISR
                0x0000000010007abc                xQueueIsQueueFullFromISR
                0x0000000010007ac8                vQueueAddToRegistry
                0x0000000010007be0                pcQueueGetName
                0x0000000010007c54                vQueueUnregisterQueue
                0x0000000010007ccc                vQueueWaitForMessageRestricted
 .text          0x0000000010007d9c       0x28 /usr/lib/gcc/arm-none-eabi/10.3.1/../../../arm-none-eabi/lib/thumb/v6-m/nofp/libc.a(lib_a-malloc.o)
                0x0000000010007d9c                malloc
                0x0000000010007db0                free
 .text          0x0000000010007dc4      0x574 /usr/lib/gcc/arm-none-eabi/10.3.1/../../../arm-none-eabi/lib/thumb/v6-m/nofp/libc.a(lib_a-mallocr.o)
                0x0000000010007dc4                _malloc_r
 .text          0x0000000010008338        0x8 /usr/lib/gcc/arm-none-eabi/10.3.1/../../../arm-none-eabi/lib/thumb/v6-m/nofp/libc.a(lib_a-mlock.o)
                0x0000000010008338                __malloc_lock
                0x000000001000833c                __malloc_unlock
 .text          0x0000000010008340       0x24 /usr/lib/gcc/arm-none-eabi/10.3.1/../../../arm-none-eabi/lib/thumb/v6-m/nofp/libc.a(lib_a-sbrkr.o)
                0x0000000010008340                _sbrk_r
 .text          0x0000000010008364       0x5c /usr/lib/gcc/arm-none-eabi/10.3.1/../../../arm-none-eabi/lib/thumb/v6-m/nofp/libc.a(lib_a-strlen-stub.o)
                0x0000000010008364                strlen
 .text          0x00000000100083c0      0x260 /usr/lib/gcc/arm-none-eabi/10.3.1/../../../arm-none-eabi/lib/thumb/v6-m/nofp/libc.a(lib_a-freer.o)
                0x00000000100083c0                _malloc_trim_r
                0x000000001000845c                _free_r
 *(.fini)
 .fini          0x0000000010008620        0x4 /usr/lib/gcc/arm-none-eabi/10.3.1/thumb/v6-m/nofp/crti.o
                0x0000000010008620                _fini
 *fill*         0x0000000010008624        0x4 
 .fini.__stub   0x0000000010008628       0x60 linker stubs
 *crtbegin.o(.ctors)
 *crtbegin?.o(.ctors)
 *(EXCLUDE_FILE(*crtend.o *crtend?.o) .ctors)
 *(SORT_BY_NAME(.ctors.*))
 *(.ctors)
 *crtbegin.o(.dtors)
 *crtbegin?.o(.dtors)
 *(EXCLUDE_FILE(*crtend.o *crtend?.o) .dtors)
 *(SORT_BY_NAME(.dtors.*))
 *(.dtors)
 *(.eh_frame*)
 .eh_frame      0x0000000010008688        0x0 /usr/lib/gcc/arm-none-eabi/10.3.1/thumb/v6-m/nofp/crtbegin.o
                0x0000000010008688                . = ALIGN (0x4)

.glue_7         0x0000000010008688        0x0
 .glue_7        0x0000000010008688        0x0 linker stubs

.glue_7t        0x0000000010008688        0x0
 .glue_7t       0x0000000010008688        0x0 linker stubs

.vfp11_veneer   0x0000000010008688        0x0
 .vfp11_veneer  0x0000000010008688        0x0 linker stubs

.v4_bx          0x0000000010008688        0x0
 .v4_bx         0x0000000010008688        0x0 linker stubs

.iplt           0x0000000010008688        0x0
 .iplt          0x0000000010008688        0x0 /usr/lib/gcc/arm-none-eabi/10.3.1/thumb/v6-m/nofp/crtbegin.o

.rodata         0x0000000010008688      0x3b8
 *(EXCLUDE_FILE(*libm.a: *libc.a:*lib_a-mem*.o *libgcc.a:) .rodata*)
 .rodata.task_1.str1.4
                0x0000000010008688       0x12 CMakeFiles/simple_usb.dir/main.c.obj
 *fill*         0x000000001000869a        0x2 
 .rodata.task_2.str1.4
                0x000000001000869c       0x12 CMakeFiles/simple_usb.dir/main.c.obj
 *fill*         0x00000000100086ae        0x2 
 .rodata.main.str1.4
                0x00000000100086b0        0xf CMakeFiles/simple_usb.dir/main.c.obj
 *fill*         0x00000000100086bf        0x1 
 .rodata.spin_lock_claim_unused.str1.4
                0x00000000100086c0       0x1b CMakeFiles/simple_usb.dir/pico-sdk/src/rp2_common/hardware_sync/sync.c.obj
 *fill*         0x00000000100086db        0x1 
 .rodata.user_irq_claim_unused.str1.4
                0x00000000100086dc       0x1b CMakeFiles/simple_usb.dir/pico-sdk/src/rp2_common/hardware_irq/irq.c.obj
 *fill*         0x00000000100086f7        0x1 
 .rodata.hardware_alarm_claim.str1.4
                0x00000000100086f8       0x22 CMakeFiles/simple_usb.dir/pico-sdk/src/rp2_common/hardware_timer/timer.c.obj
 *fill*         0x000000001000871a        0x2 
 .rodata.panic.str1.4
                0x000000001000871c       0x12 CMakeFiles/simple_usb.dir/pico-sdk/src/rp2_common/pico_runtime/runtime.c.obj
 *fill*         0x000000001000872e        0x2 
 .rodata.hard_assertion_failure.str1.4
                0x0000000010008730        0xc CMakeFiles/simple_usb.dir/pico-sdk/src/rp2_common/pico_runtime/runtime.c.obj
 .rodata.missing_double_func_shim.str1.4
                0x000000001000873c       0x18 CMakeFiles/simple_usb.dir/pico-sdk/src/rp2_common/pico_double/double_init_rom.c.obj
 .rodata.missing_float_func_shim.str1.4
                0x0000000010008754       0x18 CMakeFiles/simple_usb.dir/pico-sdk/src/rp2_common/pico_float/float_init_rom.c.obj
                                          0x1 (size before relaxing)
 .rodata.__wrap_malloc.str1.4
                0x0000000010008754        0xe CMakeFiles/simple_usb.dir/pico-sdk/src/rp2_common/pico_malloc/pico_malloc.c.obj
 *fill*         0x0000000010008762        0x2 
 .rodata.str1.4
                0x0000000010008764       0x54 CMakeFiles/simple_usb.dir/pico-sdk/src/rp2_common/pico_standard_link/binary_info.c.obj
 .rodata.__bi_44
                0x00000000100087b8        0xc CMakeFiles/simple_usb.dir/pico-sdk/src/rp2_common/pico_standard_link/binary_info.c.obj
 .rodata.__bi_75
                0x00000000100087c4        0xc CMakeFiles/simple_usb.dir/pico-sdk/src/rp2_common/pico_standard_link/binary_info.c.obj
 .rodata.__bi_81
                0x00000000100087d0        0xc CMakeFiles/simple_usb.dir/pico-sdk/src/rp2_common/pico_standard_link/binary_info.c.obj
 .rodata.crlf_str.0
                0x00000000100087dc        0x2 CMakeFiles/simple_usb.dir/pico-sdk/src/rp2_common/pico_stdio/stdio.c.obj
 *fill*         0x00000000100087de        0x2 
 .rodata.str1.4
                0x00000000100087e0       0x2c CMakeFiles/simple_usb.dir/pico-sdk/src/rp2_common/pico_stdio_uart/stdio_uart.c.obj
 .rodata.__bi_28.4
                0x000000001000880c        0xc CMakeFiles/simple_usb.dir/pico-sdk/src/rp2_common/pico_stdio_uart/stdio_uart.c.obj
 .rodata.__bi_29.5
                0x0000000010008818        0x8 CMakeFiles/simple_usb.dir/pico-sdk/src/rp2_common/pico_stdio_uart/stdio_uart.c.obj
 .rodata._resetd_driver
                0x0000000010008820       0x18 CMakeFiles/simple_usb.dir/pico-sdk/src/rp2_common/pico_stdio_usb/reset_interface.c.obj
 .rodata.str1.4
                0x0000000010008838       0x13 CMakeFiles/simple_usb.dir/pico-sdk/src/rp2_common/pico_stdio_usb/stdio_usb.c.obj
 *fill*         0x000000001000884b        0x1 
 .rodata.__bi_118.0
                0x000000001000884c        0xc CMakeFiles/simple_usb.dir/pico-sdk/src/rp2_common/pico_stdio_usb/stdio_usb.c.obj
 .rodata.str1.4
                0x0000000010008858       0x2a CMakeFiles/simple_usb.dir/pico-sdk/src/rp2_common/pico_stdio_usb/stdio_usb_descriptors.c.obj
 *fill*         0x0000000010008882        0x2 
 .rodata.usbd_desc_cfg
                0x0000000010008884       0x54 CMakeFiles/simple_usb.dir/pico-sdk/src/rp2_common/pico_stdio_usb/stdio_usb_descriptors.c.obj
 .rodata.usbd_desc_device
                0x00000000100088d8       0x12 CMakeFiles/simple_usb.dir/pico-sdk/src/rp2_common/pico_stdio_usb/stdio_usb_descriptors.c.obj
 *fill*         0x00000000100088ea        0x2 
 .rodata.usbd_desc_str
                0x00000000100088ec       0x18 CMakeFiles/simple_usb.dir/pico-sdk/src/rp2_common/pico_stdio_usb/stdio_usb_descriptors.c.obj
 .rodata.dcd_rp2040_irq.str1.4
                0x0000000010008904       0x14 CMakeFiles/simple_usb.dir/pico-sdk/lib/tinyusb/src/portable/raspberrypi/rp2040/dcd_rp2040.c.obj
 .rodata._hw_endpoint_buffer_control_update32.part.0.isra.0.str1.4
                0x0000000010008918       0x1f CMakeFiles/simple_usb.dir/pico-sdk/lib/tinyusb/src/portable/raspberrypi/rp2040/rp2040_usb.c.obj
 *fill*         0x0000000010008937        0x1 
 .rodata.hw_endpoint_xfer_continue.str1.4
                0x0000000010008938       0x29 CMakeFiles/simple_usb.dir/pico-sdk/lib/tinyusb/src/portable/raspberrypi/rp2040/rp2040_usb.c.obj
 .rodata.str1.4
                0x0000000010008961       0x29 CMakeFiles/simple_usb.dir/pico-sdk/lib/tinyusb/src/portable/raspberrypi/rp2040/rp2040_usb.c.obj
                                          0x7 (size before relaxing)
 *fill*         0x0000000010008961        0x3 
 .rodata.tud_task
                0x0000000010008964       0x8c CMakeFiles/simple_usb.dir/pico-sdk/lib/tinyusb/src/device/usbd.c.obj
 .rodata._usbd_driver
                0x00000000100089f0       0x18 CMakeFiles/simple_usb.dir/pico-sdk/lib/tinyusb/src/device/usbd.c.obj
 .rodata        0x0000000010008a08       0x28 libfreertos.a(timers.c.obj)
 .rodata.str1.4
                0x0000000010008a30       0x10 libfreertos.a(timers.c.obj)
                0x0000000010008a40                . = ALIGN (0x4)
 *(SORT_BY_ALIGNMENT(SORT_BY_NAME(.flashdata*)))
                0x0000000010008a40                . = ALIGN (0x4)

.rel.dyn        0x0000000010008a40        0x0
 .rel.iplt      0x0000000010008a40        0x0 /usr/lib/gcc/arm-none-eabi/10.3.1/thumb/v6-m/nofp/crtbegin.o

.ARM.extab
 *(.ARM.extab* .gnu.linkonce.armextab.*)
                0x0000000010008a40                __exidx_start = .

.ARM.exidx
 *(.ARM.exidx* .gnu.linkonce.armexidx.*)
                0x0000000010008a40                __exidx_end = .
                0x0000000010008a40                . = ALIGN (0x4)
                0x0000000010008a40                __binary_info_start = .

.binary_info    0x0000000010008a40       0x28
 *(.binary_info.keep.*)
 .binary_info.keep.__bi_ptr22
                0x0000000010008a40        0x4 CMakeFiles/simple_usb.dir/pico-sdk/src/rp2_common/pico_standard_link/binary_info.c.obj
 .binary_info.keep.__bi_ptr30
                0x0000000010008a44        0x4 CMakeFiles/simple_usb.dir/pico-sdk/src/rp2_common/pico_standard_link/binary_info.c.obj
 .binary_info.keep.__bi_ptr38
                0x0000000010008a48        0x4 CMakeFiles/simple_usb.dir/pico-sdk/src/rp2_common/pico_standard_link/binary_info.c.obj
 .binary_info.keep.__bi_ptr44
                0x0000000010008a4c        0x4 CMakeFiles/simple_usb.dir/pico-sdk/src/rp2_common/pico_standard_link/binary_info.c.obj
 .binary_info.keep.__bi_ptr50
                0x0000000010008a50        0x4 CMakeFiles/simple_usb.dir/pico-sdk/src/rp2_common/pico_standard_link/binary_info.c.obj
 .binary_info.keep.__bi_ptr75
                0x0000000010008a54        0x4 CMakeFiles/simple_usb.dir/pico-sdk/src/rp2_common/pico_standard_link/binary_info.c.obj
 .binary_info.keep.__bi_ptr81
                0x0000000010008a58        0x4 CMakeFiles/simple_usb.dir/pico-sdk/src/rp2_common/pico_standard_link/binary_info.c.obj
 *(.binary_info.*)
 .binary_info.__bi_ptr28
                0x0000000010008a5c        0x4 CMakeFiles/simple_usb.dir/pico-sdk/src/rp2_common/pico_stdio_uart/stdio_uart.c.obj
 .binary_info.__bi_ptr29
                0x0000000010008a60        0x4 CMakeFiles/simple_usb.dir/pico-sdk/src/rp2_common/pico_stdio_uart/stdio_uart.c.obj
 .binary_info.__bi_ptr118
                0x0000000010008a64        0x4 CMakeFiles/simple_usb.dir/pico-sdk/src/rp2_common/pico_stdio_usb/stdio_usb.c.obj
                0x0000000010008a68                __binary_info_end = .
                0x0000000010008a68                . = ALIGN (0x4)
                0x0000000010008a68                __etext = .

.ram_vector_table
                0x0000000020000000       0xc0
 *(.ram_vector_table)
 .ram_vector_table
                0x0000000020000000       0xc0 CMakeFiles/simple_usb.dir/pico-sdk/src/rp2_common/pico_runtime/runtime.c.obj
                0x0000000020000000                ram_vector_table

.data           0x00000000200000c0      0xc20 load address 0x0000000010008a68
                0x00000000200000c0                __data_start__ = .
 *(vtable)
 *(.time_critical*)
 .time_critical.mutex_enter_blocking
                0x00000000200000c0       0x48 CMakeFiles/simple_usb.dir/pico-sdk/src/common/pico_sync/mutex.c.obj
                0x00000000200000c0                mutex_enter_blocking
 .time_critical.mutex_try_enter
                0x0000000020000108       0x44 CMakeFiles/simple_usb.dir/pico-sdk/src/common/pico_sync/mutex.c.obj
                0x0000000020000108                mutex_try_enter
 .time_critical.mutex_enter_timeout_ms
                0x000000002000014c       0xa0 CMakeFiles/simple_usb.dir/pico-sdk/src/common/pico_sync/mutex.c.obj
                0x000000002000014c                mutex_enter_timeout_ms
 .time_critical.mutex_exit
                0x00000000200001ec       0x28 CMakeFiles/simple_usb.dir/pico-sdk/src/common/pico_sync/mutex.c.obj
                0x00000000200001ec                mutex_exit
 .time_critical.flash_init_boot2_copyout
                0x0000000020000214       0x30 CMakeFiles/simple_usb.dir/pico-sdk/src/rp2_common/hardware_flash/flash.c.obj
 .time_critical.flash_enable_xip_via_boot2
                0x0000000020000244       0x10 CMakeFiles/simple_usb.dir/pico-sdk/src/rp2_common/hardware_flash/flash.c.obj
 .time_critical.flash_cs_force
                0x0000000020000254       0x38 CMakeFiles/simple_usb.dir/pico-sdk/src/rp2_common/hardware_flash/flash.c.obj
 .time_critical.flash_do_cmd
                0x000000002000028c       0xc4 CMakeFiles/simple_usb.dir/pico-sdk/src/rp2_common/hardware_flash/flash.c.obj
                0x000000002000028c                flash_do_cmd
 *(.text*)
 .text          0x0000000020000350        0x4 /usr/lib/gcc/arm-none-eabi/10.3.1/thumb/v6-m/nofp/libgcc.a(_dvmd_tls.o)
                0x0000000020000350                __aeabi_ldiv0
                0x0000000020000350                __aeabi_idiv0
 *fill*         0x0000000020000354        0x4 
 .text.__stub   0x0000000020000358       0x30 linker stubs
                0x0000000020000388                . = ALIGN (0x4)
 *(.rodata*)
                0x0000000020000388                . = ALIGN (0x4)
 *(.data*)
 .data.striped_spin_lock_num
                0x0000000020000388        0x1 CMakeFiles/simple_usb.dir/pico-sdk/src/rp2_common/hardware_sync/sync.c.obj
 *fill*         0x0000000020000389        0x3 
 .data          0x000000002000038c       0x48 CMakeFiles/simple_usb.dir/pico-sdk/src/rp2_common/hardware_irq/irq_handler_chain.S.obj
                0x000000002000038c                irq_handler_chain_slots
                0x00000000200003bc                irq_handler_chain_first_slot
                0x00000000200003c6                irq_handler_chain_remove_tail
 .data.default_alarm_pool
                0x00000000200003d4       0x18 CMakeFiles/simple_usb.dir/pico-sdk/src/common/pico_time/time.c.obj
 .data.default_alarm_pool_heap
                0x00000000200003ec       0x10 CMakeFiles/simple_usb.dir/pico-sdk/src/common/pico_time/time.c.obj
 *fill*         0x00000000200003fc        0x4 
 .data.aeabi_bits_funcs
                0x0000000020000400       0x10 CMakeFiles/simple_usb.dir/pico-sdk/src/rp2_common/pico_bit_ops/bit_ops_aeabi.S.obj
                0x0000000020000400                aeabi_bits_funcs
                0x0000000020000410                aeabi_bits_funcs_end
 .data.aeabi_mem_funcs
                0x0000000020000410       0x10 CMakeFiles/simple_usb.dir/pico-sdk/src/rp2_common/pico_mem_ops/mem_ops_aeabi.S.obj
                0x0000000020000410                aeabi_mem_funcs
                0x0000000020000420                aeabi_mem_funcs_end
 .data.stdio_uart
                0x0000000020000420       0x14 CMakeFiles/simple_usb.dir/pico-sdk/src/rp2_common/pico_stdio_uart/stdio_uart.c.obj
                0x0000000020000420                stdio_uart
 .data.stdio_usb
                0x0000000020000434       0x14 CMakeFiles/simple_usb.dir/pico-sdk/src/rp2_common/pico_stdio_usb/stdio_usb.c.obj
                0x0000000020000434                stdio_usb
 .data.ep_dir_string
                0x0000000020000448        0x8 CMakeFiles/simple_usb.dir/pico-sdk/lib/tinyusb/src/portable/raspberrypi/rp2040/rp2040_usb.c.obj
                0x0000000020000448                ep_dir_string
 .data._usbd_qdef
                0x0000000020000450       0x24 CMakeFiles/simple_usb.dir/pico-sdk/lib/tinyusb/src/device/usbd.c.obj
                0x0000000020000450                _usbd_qdef
 .data          0x0000000020000474        0x4 libfreertos.a(tasks.c.obj)
                0x0000000020000474                uxTopUsedPriority
 .data          0x0000000020000478        0x4 libfreertos.a(port.c.obj)
 *fill*         0x000000002000047c        0x4 
 .data          0x0000000020000480      0x430 /usr/lib/gcc/arm-none-eabi/10.3.1/../../../arm-none-eabi/lib/thumb/v6-m/nofp/libc.a(lib_a-impure.o)
                0x0000000020000480                _impure_ptr
 .data          0x00000000200008b0      0x410 /usr/lib/gcc/arm-none-eabi/10.3.1/../../../arm-none-eabi/lib/thumb/v6-m/nofp/libc.a(lib_a-mallocr.o)
                0x00000000200008b0                __malloc_sbrk_base
                0x00000000200008b4                __malloc_trim_threshold
                0x00000000200008b8                __malloc_av_
                0x0000000020000cc0                . = ALIGN (0x4)
 *(.after_data.*)
                0x0000000020000cc0                . = ALIGN (0x4)
                0x0000000020000cc0                PROVIDE (__mutex_array_start = .)
 *(SORT_BY_NAME(.mutex_array.*))
 *(.mutex_array)
 .mutex_array   0x0000000020000cc0        0x8 CMakeFiles/simple_usb.dir/pico-sdk/src/rp2_common/pico_stdio/stdio.c.obj
                0x0000000020000cc8                PROVIDE (__mutex_array_end = .)
                0x0000000020000cc8                . = ALIGN (0x4)
                0x0000000020000cc8                PROVIDE (__preinit_array_start = .)
 *(SORT_BY_NAME(.preinit_array.*))
 .preinit_array.00001
                0x0000000020000cc8        0x4 CMakeFiles/simple_usb.dir/pico-sdk/src/rp2_common/pico_mem_ops/mem_ops_aeabi.S.obj
 .preinit_array.00010
                0x0000000020000ccc        0x4 CMakeFiles/simple_usb.dir/pico-sdk/src/rp2_common/pico_bit_ops/bit_ops_aeabi.S.obj
 .preinit_array.00020
                0x0000000020000cd0        0x4 CMakeFiles/simple_usb.dir/pico-sdk/src/rp2_common/pico_double/double_aeabi.S.obj
 .preinit_array.00020
                0x0000000020000cd4        0x4 CMakeFiles/simple_usb.dir/pico-sdk/src/rp2_common/pico_float/float_aeabi.S.obj
 *(.preinit_array)
                0x0000000020000cd8                PROVIDE (__preinit_array_end = .)
                0x0000000020000cd8                . = ALIGN (0x4)
                0x0000000020000cd8                PROVIDE (__init_array_start = .)
 *(SORT_BY_NAME(.init_array.*))
 *(.init_array)
 .init_array    0x0000000020000cd8        0x4 /usr/lib/gcc/arm-none-eabi/10.3.1/thumb/v6-m/nofp/crtbegin.o
 .init_array    0x0000000020000cdc        0x4 CMakeFiles/simple_usb.dir/pico-sdk/src/rp2_common/pico_unique_id/unique_id.c.obj
                0x0000000020000ce0                PROVIDE (__init_array_end = .)
                0x0000000020000ce0                . = ALIGN (0x4)
                0x0000000020000ce0                PROVIDE (__fini_array_start = .)
 *(SORT_BY_NAME(.fini_array.*))
 *(.fini_array)
                0x0000000020000ce0                PROVIDE (__fini_array_end = .)
 *(.jcr)
                0x0000000020000ce0                . = ALIGN (0x4)
                0x0000000020000ce0                __data_end__ = .

.tm_clone_table
                0x0000000020000ce0        0x0 load address 0x0000000010009688
 .tm_clone_table
                0x0000000020000ce0        0x0 /usr/lib/gcc/arm-none-eabi/10.3.1/thumb/v6-m/nofp/crtbegin.o
 .tm_clone_table
                0x0000000020000ce0        0x0 /usr/lib/gcc/arm-none-eabi/10.3.1/thumb/v6-m/nofp/crtend.o

.igot.plt       0x0000000020000ce0        0x0 load address 0x0000000010009688
 .igot.plt      0x0000000020000ce0        0x0 /usr/lib/gcc/arm-none-eabi/10.3.1/thumb/v6-m/nofp/crtbegin.o

.uninitialized_data
                0x0000000020000ce0        0x0 load address 0x0000000010009688
                0x0000000020000ce0                . = ALIGN (0x4)
 *(.uninitialized_data*)

.scratch_x      0x0000000020040000        0x0 load address 0x0000000010009688
                0x0000000020040000                __scratch_x_start__ = .
 *(.scratch_x.*)
                0x0000000020040000                . = ALIGN (0x4)
                0x0000000020040000                __scratch_x_end__ = .
                0x0000000010009688                __scratch_x_source__ = LOADADDR (.scratch_x)

.scratch_y      0x0000000020041000        0x0 load address 0x0000000010009688
                0x0000000020041000                __scratch_y_start__ = .
 *(.scratch_y.*)
                0x0000000020041000                . = ALIGN (0x4)
                0x0000000020041000                __scratch_y_end__ = .
                0x0000000010009688                __scratch_y_source__ = LOADADDR (.scratch_y)

.bss            0x0000000020000ce0      0xf5c
                0x0000000020000ce0                . = ALIGN (0x4)
                0x0000000020000ce0                __bss_start__ = .
 *(SORT_BY_ALIGNMENT(SORT_BY_NAME(.bss*)))
 .bss           0x0000000020000ce0       0x50 libfreertos.a(queue.c.obj)
                0x0000000020000ce0                xQueueRegistry
 .bss.default_alarm_pool_entries
                0x0000000020000d30      0x100 CMakeFiles/simple_usb.dir/pico-sdk/src/common/pico_time/time.c.obj
 .bss.last_avail_time.1
                0x0000000020000e30        0x8 CMakeFiles/simple_usb.dir/pico-sdk/src/rp2_common/pico_stdio_usb/stdio_usb.c.obj
 .bss.sd_table  0x0000000020000e38      0x100 CMakeFiles/simple_usb.dir/pico-sdk/src/rp2_common/pico_double/double_init_rom.c.obj
                0x0000000020000e38                sd_table
 .bss           0x0000000020000f38       0x1c /usr/lib/gcc/arm-none-eabi/10.3.1/thumb/v6-m/nofp/crtbegin.o
 .bss           0x0000000020000f54      0x104 libfreertos.a(tasks.c.obj)
                0x0000000020000fd8                pxCurrentTCB
 .bss           0x0000000020001058       0x3c libfreertos.a(timers.c.obj)
 .bss           0x0000000020001094       0x34 /usr/lib/gcc/arm-none-eabi/10.3.1/../../../arm-none-eabi/lib/thumb/v6-m/nofp/libc.a(lib_a-mallocr.o)
                0x0000000020001094                __malloc_top_pad
                0x0000000020001098                __malloc_current_mallinfo
                0x00000000200010c0                __malloc_max_sbrked_mem
                0x00000000200010c4                __malloc_max_total_mem
 .bss           0x00000000200010c8        0x4 /usr/lib/gcc/arm-none-eabi/10.3.1/../../../arm-none-eabi/lib/thumb/v6-m/nofp/libc.a(lib_a-reent.o)
                0x00000000200010c8                errno
 .bss._app_driver
                0x00000000200010cc        0x4 CMakeFiles/simple_usb.dir/pico-sdk/lib/tinyusb/src/device/usbd.c.obj
 .bss._cdcd_itf
                0x00000000200010d0      0x2d8 CMakeFiles/simple_usb.dir/pico-sdk/lib/tinyusb/src/class/cdc/cdc_device.c.obj
 .bss._ctrl_xfer
                0x00000000200013a8       0x14 CMakeFiles/simple_usb.dir/pico-sdk/lib/tinyusb/src/device/usbd_control.c.obj
 .bss._ubsd_mutexdef
                0x00000000200013bc        0x8 CMakeFiles/simple_usb.dir/pico-sdk/lib/tinyusb/src/device/usbd.c.obj
 .bss._usbd_ctrl_buf
                0x00000000200013c4       0x40 CMakeFiles/simple_usb.dir/pico-sdk/lib/tinyusb/src/device/usbd_control.c.obj
 .bss._usbd_dev
                0x0000000020001404       0x53 CMakeFiles/simple_usb.dir/pico-sdk/lib/tinyusb/src/device/usbd.c.obj
 *fill*         0x0000000020001457        0x1 
 .bss._usbd_mutex
                0x0000000020001458        0x4 CMakeFiles/simple_usb.dir/pico-sdk/lib/tinyusb/src/device/usbd.c.obj
 .bss._usbd_q   0x000000002000145c        0x4 CMakeFiles/simple_usb.dir/pico-sdk/lib/tinyusb/src/device/usbd.c.obj
 .bss._usbd_qdef_buf
                0x0000000020001460       0xc0 CMakeFiles/simple_usb.dir/pico-sdk/lib/tinyusb/src/device/usbd.c.obj
                0x0000000020001460                _usbd_qdef_buf
 .bss.alarm_callbacks
                0x0000000020001520       0x10 CMakeFiles/simple_usb.dir/pico-sdk/src/rp2_common/hardware_timer/timer.c.obj
 .bss.boot2_copyout
                0x0000000020001530      0x100 CMakeFiles/simple_usb.dir/pico-sdk/src/rp2_common/hardware_flash/flash.c.obj
 .bss.claimed   0x0000000020001630        0x4 CMakeFiles/simple_usb.dir/pico-sdk/src/rp2_common/hardware_sync/sync.c.obj
 .bss.configured_freq
                0x0000000020001634       0x28 CMakeFiles/simple_usb.dir/pico-sdk/src/rp2_common/hardware_clocks/clocks.c.obj
 .bss.default_alarm_pool_entry_ids_high
                0x000000002000165c       0x10 CMakeFiles/simple_usb.dir/pico-sdk/src/common/pico_time/time.c.obj
 .bss.default_alarm_pool_heap_nodes
                0x000000002000166c       0x30 CMakeFiles/simple_usb.dir/pico-sdk/src/common/pico_time/time.c.obj
 .bss.desc_str.0
                0x000000002000169c       0x28 CMakeFiles/simple_usb.dir/pico-sdk/src/rp2_common/pico_stdio_usb/stdio_usb_descriptors.c.obj
 .bss.drivers   0x00000000200016c4        0x4 CMakeFiles/simple_usb.dir/pico-sdk/src/rp2_common/pico_stdio/stdio.c.obj
 .bss.filter    0x00000000200016c8        0x4 CMakeFiles/simple_usb.dir/pico-sdk/src/rp2_common/pico_stdio/stdio.c.obj
 .bss.heap_end.0
                0x00000000200016cc        0x4 CMakeFiles/simple_usb.dir/pico-sdk/src/rp2_common/pico_runtime/runtime.c.obj
 .bss.hw_endpoints
                0x00000000200016d0      0x400 CMakeFiles/simple_usb.dir/pico-sdk/lib/tinyusb/src/portable/raspberrypi/rp2040/dcd_rp2040.c.obj
 .bss.lazy_vsnprintf
                0x0000000020001ad0        0x4 CMakeFiles/simple_usb.dir/pico-sdk/src/rp2_common/pico_printf/printf.c.obj
 .bss.load_value
                0x0000000020001ad4        0x4 CMakeFiles/simple_usb.dir/pico-sdk/src/rp2_common/hardware_watchdog/watchdog.c.obj
 .bss.next_buffer_ptr
                0x0000000020001ad8        0x4 CMakeFiles/simple_usb.dir/pico-sdk/lib/tinyusb/src/portable/raspberrypi/rp2040/dcd_rp2040.c.obj
 .bss.pools     0x0000000020001adc       0x10 CMakeFiles/simple_usb.dir/pico-sdk/src/common/pico_time/time.c.obj
 .bss.retrieved_id
                0x0000000020001aec        0x8 CMakeFiles/simple_usb.dir/pico-sdk/src/rp2_common/pico_unique_id/unique_id.c.obj
 .bss.sf_clz_func
                0x0000000020001af4        0x4 CMakeFiles/simple_usb.dir/pico-sdk/src/rp2_common/pico_double/double_init_rom.c.obj
                0x0000000020001af4                sf_clz_func
 .bss.sf_table  0x0000000020001af8      0x100 CMakeFiles/simple_usb.dir/pico-sdk/src/rp2_common/pico_float/float_init_rom.c.obj
                0x0000000020001af8                sf_table
 .bss.sleep_notifier
                0x0000000020001bf8        0x4 CMakeFiles/simple_usb.dir/pico-sdk/src/common/pico_time/time.c.obj
 .bss.stdio_usb_mutex
                0x0000000020001bfc        0x8 CMakeFiles/simple_usb.dir/pico-sdk/src/rp2_common/pico_stdio_usb/stdio_usb.c.obj
 .bss.target_hi
                0x0000000020001c04       0x10 CMakeFiles/simple_usb.dir/pico-sdk/src/rp2_common/hardware_timer/timer.c.obj
 .bss.uart_char_to_line_feed
                0x0000000020001c14        0x4 CMakeFiles/simple_usb.dir/pico-sdk/src/rp2_common/hardware_uart/uart.c.obj
                0x0000000020001c14                uart_char_to_line_feed
 .bss.uart_instance
                0x0000000020001c18        0x4 CMakeFiles/simple_usb.dir/pico-sdk/src/rp2_common/pico_stdio_uart/stdio_uart.c.obj
 .bss.usbd_serial_str
                0x0000000020001c1c       0x11 CMakeFiles/simple_usb.dir/pico-sdk/src/rp2_common/pico_stdio_usb/stdio_usb_descriptors.c.obj
 *fill*         0x0000000020001c2d        0x3 
 .bss.user_irq_claimed
                0x0000000020001c30        0x2 CMakeFiles/simple_usb.dir/pico-sdk/src/rp2_common/hardware_irq/irq.c.obj
 .bss._app_driver_count
                0x0000000020001c32        0x1 CMakeFiles/simple_usb.dir/pico-sdk/lib/tinyusb/src/device/usbd.c.obj
 .bss._usbd_initialized
                0x0000000020001c33        0x1 CMakeFiles/simple_usb.dir/pico-sdk/lib/tinyusb/src/device/usbd.c.obj
 .bss.boot2_copyout_valid
                0x0000000020001c34        0x1 CMakeFiles/simple_usb.dir/pico-sdk/src/rp2_common/hardware_flash/flash.c.obj
 .bss.claimed   0x0000000020001c35        0x1 CMakeFiles/simple_usb.dir/pico-sdk/src/rp2_common/hardware_timer/timer.c.obj
 .bss.irq_hander_chain_free_slot_head
                0x0000000020001c36        0x1 CMakeFiles/simple_usb.dir/pico-sdk/src/rp2_common/hardware_irq/irq.c.obj
 .bss.itf_num   0x0000000020001c37        0x1 CMakeFiles/simple_usb.dir/pico-sdk/src/rp2_common/pico_stdio_usb/reset_interface.c.obj
 .bss.low_priority_irq_num
                0x0000000020001c38        0x1 CMakeFiles/simple_usb.dir/pico-sdk/src/rp2_common/pico_stdio_usb/stdio_usb.c.obj
 .bss.timer_callbacks_pending
                0x0000000020001c39        0x1 CMakeFiles/simple_usb.dir/pico-sdk/src/rp2_common/hardware_timer/timer.c.obj
 *(COMMON)
                0x0000000020001c3c                . = ALIGN (0x4)
 *fill*         0x0000000020001c3a        0x2 
                0x0000000020001c3c                __bss_end__ = .

.heap           0x0000000020001c3c      0x800
                0x0000000020001c3c                __end__ = .
                0x0000000020001c3c                end = __end__
 *(.heap*)
 .heap          0x0000000020001c3c      0x800 CMakeFiles/simple_usb.dir/pico-sdk/src/rp2_common/pico_standard_link/crt0.S.obj
                0x000000002000243c                __HeapLimit = .

.stack1_dummy   0x0000000020040000        0x0
 *(.stack1*)

.stack_dummy    0x0000000020041000      0x800
 *(.stack*)
 .stack         0x0000000020041000      0x800 CMakeFiles/simple_usb.dir/pico-sdk/src/rp2_common/pico_standard_link/crt0.S.obj

.flash_end      0x0000000010009688        0x0
                0x0000000010009688                __flash_binary_end = .
                0x0000000020040000                __StackLimit = (ORIGIN (RAM) + LENGTH (RAM))
                0x0000000020041000                __StackOneTop = (ORIGIN (SCRATCH_X) + LENGTH (SCRATCH_X))
                0x0000000020042000                __StackTop = (ORIGIN (SCRATCH_Y) + LENGTH (SCRATCH_Y))
                0x0000000020041000                __StackOneBottom = (__StackOneTop - SIZEOF (.stack1_dummy))
                0x0000000020041800                __StackBottom = (__StackTop - SIZEOF (.stack_dummy))
                0x0000000020042000                PROVIDE (__stack = __StackTop)
                0x0000000000000001                ASSERT ((__StackLimit >= __HeapLimit), region RAM overflowed)
                0x0000000000000001                ASSERT (((__binary_info_header_end - __logical_binary_start) <= 0x100), Binary info must be in first 256 bytes of the binary)
LOAD CMakeFiles/simple_usb.dir/main.c.obj
LOAD CMakeFiles/simple_usb.dir/pico-sdk/src/rp2_common/pico_stdlib/stdlib.c.obj
LOAD CMakeFiles/simple_usb.dir/pico-sdk/src/rp2_common/hardware_gpio/gpio.c.obj
LOAD CMakeFiles/simple_usb.dir/pico-sdk/src/rp2_common/hardware_claim/claim.c.obj
LOAD CMakeFiles/simple_usb.dir/pico-sdk/src/rp2_common/pico_platform/platform.c.obj
LOAD CMakeFiles/simple_usb.dir/pico-sdk/src/rp2_common/hardware_sync/sync.c.obj
LOAD CMakeFiles/simple_usb.dir/pico-sdk/src/rp2_common/hardware_irq/irq.c.obj
LOAD CMakeFiles/simple_usb.dir/pico-sdk/src/rp2_common/hardware_irq/irq_handler_chain.S.obj
LOAD CMakeFiles/simple_usb.dir/pico-sdk/src/common/pico_sync/sem.c.obj
LOAD CMakeFiles/simple_usb.dir/pico-sdk/src/common/pico_sync/lock_core.c.obj
LOAD CMakeFiles/simple_usb.dir/pico-sdk/src/common/pico_time/time.c.obj
LOAD CMakeFiles/simple_usb.dir/pico-sdk/src/common/pico_time/timeout_helper.c.obj
LOAD CMakeFiles/simple_usb.dir/pico-sdk/src/rp2_common/hardware_timer/timer.c.obj
LOAD CMakeFiles/simple_usb.dir/pico-sdk/src/common/pico_util/datetime.c.obj
LOAD CMakeFiles/simple_usb.dir/pico-sdk/src/common/pico_util/pheap.c.obj
LOAD CMakeFiles/simple_usb.dir/pico-sdk/src/common/pico_util/queue.c.obj
LOAD CMakeFiles/simple_usb.dir/pico-sdk/src/common/pico_sync/mutex.c.obj
LOAD CMakeFiles/simple_usb.dir/pico-sdk/src/common/pico_sync/critical_section.c.obj
LOAD CMakeFiles/simple_usb.dir/pico-sdk/src/rp2_common/hardware_uart/uart.c.obj
LOAD CMakeFiles/simple_usb.dir/pico-sdk/src/rp2_common/hardware_divider/divider.S.obj
LOAD CMakeFiles/simple_usb.dir/pico-sdk/src/rp2_common/pico_runtime/runtime.c.obj
LOAD CMakeFiles/simple_usb.dir/pico-sdk/src/rp2_common/hardware_clocks/clocks.c.obj
LOAD CMakeFiles/simple_usb.dir/pico-sdk/src/rp2_common/hardware_pll/pll.c.obj
LOAD CMakeFiles/simple_usb.dir/pico-sdk/src/rp2_common/hardware_vreg/vreg.c.obj
LOAD CMakeFiles/simple_usb.dir/pico-sdk/src/rp2_common/hardware_watchdog/watchdog.c.obj
LOAD CMakeFiles/simple_usb.dir/pico-sdk/src/rp2_common/hardware_xosc/xosc.c.obj
LOAD CMakeFiles/simple_usb.dir/pico-sdk/src/rp2_common/pico_printf/printf.c.obj
LOAD CMakeFiles/simple_usb.dir/pico-sdk/src/rp2_common/pico_bit_ops/bit_ops_aeabi.S.obj
LOAD CMakeFiles/simple_usb.dir/pico-sdk/src/rp2_common/pico_bootrom/bootrom.c.obj
LOAD CMakeFiles/simple_usb.dir/pico-sdk/src/rp2_common/pico_divider/divider.S.obj
LOAD CMakeFiles/simple_usb.dir/pico-sdk/src/rp2_common/pico_double/double_aeabi.S.obj
LOAD CMakeFiles/simple_usb.dir/pico-sdk/src/rp2_common/pico_double/double_init_rom.c.obj
LOAD CMakeFiles/simple_usb.dir/pico-sdk/src/rp2_common/pico_double/double_math.c.obj
LOAD CMakeFiles/simple_usb.dir/pico-sdk/src/rp2_common/pico_double/double_v1_rom_shim.S.obj
LOAD CMakeFiles/simple_usb.dir/pico-sdk/src/rp2_common/pico_int64_ops/pico_int64_ops_aeabi.S.obj
LOAD CMakeFiles/simple_usb.dir/pico-sdk/src/rp2_common/pico_float/float_aeabi.S.obj
LOAD CMakeFiles/simple_usb.dir/pico-sdk/src/rp2_common/pico_float/float_init_rom.c.obj
LOAD CMakeFiles/simple_usb.dir/pico-sdk/src/rp2_common/pico_float/float_math.c.obj
LOAD CMakeFiles/simple_usb.dir/pico-sdk/src/rp2_common/pico_float/float_v1_rom_shim.S.obj
LOAD CMakeFiles/simple_usb.dir/pico-sdk/src/rp2_common/pico_malloc/pico_malloc.c.obj
LOAD CMakeFiles/simple_usb.dir/pico-sdk/src/rp2_common/pico_mem_ops/mem_ops_aeabi.S.obj
LOAD CMakeFiles/simple_usb.dir/pico-sdk/src/rp2_common/pico_standard_link/crt0.S.obj
LOAD CMakeFiles/simple_usb.dir/pico-sdk/src/rp2_common/pico_standard_link/new_delete.cpp.obj
LOAD CMakeFiles/simple_usb.dir/pico-sdk/src/rp2_common/pico_standard_link/binary_info.c.obj
LOAD CMakeFiles/simple_usb.dir/pico-sdk/src/rp2_common/pico_stdio/stdio.c.obj
LOAD CMakeFiles/simple_usb.dir/pico-sdk/src/rp2_common/pico_stdio_uart/stdio_uart.c.obj
LOAD CMakeFiles/simple_usb.dir/pico-sdk/src/rp2_common/pico_stdio_usb/reset_interface.c.obj
LOAD CMakeFiles/simple_usb.dir/pico-sdk/src/rp2_common/pico_stdio_usb/stdio_usb.c.obj
LOAD CMakeFiles/simple_usb.dir/pico-sdk/src/rp2_common/pico_stdio_usb/stdio_usb_descriptors.c.obj
LOAD CMakeFiles/simple_usb.dir/pico-sdk/lib/tinyusb/src/portable/raspberrypi/rp2040/dcd_rp2040.c.obj
LOAD CMakeFiles/simple_usb.dir/pico-sdk/lib/tinyusb/src/portable/raspberrypi/rp2040/rp2040_usb.c.obj
LOAD CMakeFiles/simple_usb.dir/pico-sdk/lib/tinyusb/src/device/usbd.c.obj
LOAD CMakeFiles/simple_usb.dir/pico-sdk/lib/tinyusb/src/device/usbd_control.c.obj
LOAD CMakeFiles/simple_usb.dir/pico-sdk/lib/tinyusb/src/class/audio/audio_device.c.obj
LOAD CMakeFiles/simple_usb.dir/pico-sdk/lib/tinyusb/src/class/cdc/cdc_device.c.obj
LOAD CMakeFiles/simple_usb.dir/pico-sdk/lib/tinyusb/src/class/dfu/dfu_device.c.obj
LOAD CMakeFiles/simple_usb.dir/pico-sdk/lib/tinyusb/src/class/dfu/dfu_rt_device.c.obj
LOAD CMakeFiles/simple_usb.dir/pico-sdk/lib/tinyusb/src/class/hid/hid_device.c.obj
LOAD CMakeFiles/simple_usb.dir/pico-sdk/lib/tinyusb/src/class/midi/midi_device.c.obj
LOAD CMakeFiles/simple_usb.dir/pico-sdk/lib/tinyusb/src/class/msc/msc_device.c.obj
LOAD CMakeFiles/simple_usb.dir/pico-sdk/lib/tinyusb/src/class/net/ecm_rndis_device.c.obj
LOAD CMakeFiles/simple_usb.dir/pico-sdk/lib/tinyusb/src/class/net/ncm_device.c.obj
LOAD CMakeFiles/simple_usb.dir/pico-sdk/lib/tinyusb/src/class/usbtmc/usbtmc_device.c.obj
LOAD CMakeFiles/simple_usb.dir/pico-sdk/lib/tinyusb/src/class/vendor/vendor_device.c.obj
LOAD CMakeFiles/simple_usb.dir/pico-sdk/lib/tinyusb/src/class/video/video_device.c.obj
LOAD CMakeFiles/simple_usb.dir/pico-sdk/lib/tinyusb/src/tusb.c.obj
LOAD CMakeFiles/simple_usb.dir/pico-sdk/lib/tinyusb/src/common/tusb_fifo.c.obj
LOAD CMakeFiles/simple_usb.dir/pico-sdk/src/rp2_common/pico_fix/rp2040_usb_device_enumeration/rp2040_usb_device_enumeration.c.obj
LOAD CMakeFiles/simple_usb.dir/pico-sdk/src/rp2_common/pico_unique_id/unique_id.c.obj
LOAD CMakeFiles/simple_usb.dir/pico-sdk/src/rp2_common/hardware_flash/flash.c.obj
LOAD libfreertos.a
LOAD /tmp/cc7FpGuR.o
LOAD /usr/lib/gcc/arm-none-eabi/10.3.1/../../../arm-none-eabi/lib/thumb/v6-m/nofp/libstdc++.a
LOAD /usr/lib/gcc/arm-none-eabi/10.3.1/../../../arm-none-eabi/lib/thumb/v6-m/nofp/libm.a
START GROUP
LOAD /usr/lib/gcc/arm-none-eabi/10.3.1/thumb/v6-m/nofp/libgcc.a
LOAD /usr/lib/gcc/arm-none-eabi/10.3.1/../../../arm-none-eabi/lib/thumb/v6-m/nofp/libc.a
END GROUP
START GROUP
LOAD /usr/lib/gcc/arm-none-eabi/10.3.1/thumb/v6-m/nofp/libgcc.a
LOAD /usr/lib/gcc/arm-none-eabi/10.3.1/../../../arm-none-eabi/lib/thumb/v6-m/nofp/libc.a
LOAD /usr/lib/gcc/arm-none-eabi/10.3.1/../../../arm-none-eabi/lib/thumb/v6-m/nofp/libnosys.a
END GROUP
LOAD /usr/lib/gcc/arm-none-eabi/10.3.1/thumb/v6-m/nofp/crtend.o
LOAD /usr/lib/gcc/arm-none-eabi/10.3.1/thumb/v6-m/nofp/crtn.o
OUTPUT(simple_usb.elf elf32-littlearm)
LOAD linker stubs

.ARM.attributes
                0x0000000000000000       0x28
 .ARM.attributes
                0x0000000000000000       0x1e /usr/lib/gcc/arm-none-eabi/10.3.1/thumb/v6-m/nofp/crti.o
 .ARM.attributes
                0x000000000000001e       0x2c /usr/lib/gcc/arm-none-eabi/10.3.1/thumb/v6-m/nofp/crtbegin.o
 .ARM.attributes
                0x000000000000004a       0x2c CMakeFiles/simple_usb.dir/main.c.obj
 .ARM.attributes
                0x0000000000000076       0x2c CMakeFiles/simple_usb.dir/pico-sdk/src/rp2_common/hardware_gpio/gpio.c.obj
 .ARM.attributes
                0x00000000000000a2       0x2c CMakeFiles/simple_usb.dir/pico-sdk/src/rp2_common/hardware_claim/claim.c.obj
 .ARM.attributes
                0x00000000000000ce       0x2c CMakeFiles/simple_usb.dir/pico-sdk/src/rp2_common/pico_platform/platform.c.obj
 .ARM.attributes
                0x00000000000000fa       0x2c CMakeFiles/simple_usb.dir/pico-sdk/src/rp2_common/hardware_sync/sync.c.obj
 .ARM.attributes
                0x0000000000000126       0x2c CMakeFiles/simple_usb.dir/pico-sdk/src/rp2_common/hardware_irq/irq.c.obj
 .ARM.attributes
                0x0000000000000152       0x22 CMakeFiles/simple_usb.dir/pico-sdk/src/rp2_common/hardware_irq/irq_handler_chain.S.obj
 .ARM.attributes
                0x0000000000000174       0x2c CMakeFiles/simple_usb.dir/pico-sdk/src/common/pico_sync/lock_core.c.obj
 .ARM.attributes
                0x00000000000001a0       0x2c CMakeFiles/simple_usb.dir/pico-sdk/src/common/pico_time/time.c.obj
 .ARM.attributes
                0x00000000000001cc       0x2c CMakeFiles/simple_usb.dir/pico-sdk/src/rp2_common/hardware_timer/timer.c.obj
 .ARM.attributes
                0x00000000000001f8       0x2c CMakeFiles/simple_usb.dir/pico-sdk/src/common/pico_util/pheap.c.obj
 .ARM.attributes
                0x0000000000000224       0x2c CMakeFiles/simple_usb.dir/pico-sdk/src/common/pico_sync/mutex.c.obj
 .ARM.attributes
                0x0000000000000250       0x2c CMakeFiles/simple_usb.dir/pico-sdk/src/common/pico_sync/critical_section.c.obj
 .ARM.attributes
                0x000000000000027c       0x2c CMakeFiles/simple_usb.dir/pico-sdk/src/rp2_common/hardware_uart/uart.c.obj
 .ARM.attributes
                0x00000000000002a8       0x2c CMakeFiles/simple_usb.dir/pico-sdk/src/rp2_common/pico_runtime/runtime.c.obj
 .ARM.attributes
                0x00000000000002d4       0x2c CMakeFiles/simple_usb.dir/pico-sdk/src/rp2_common/hardware_clocks/clocks.c.obj
 .ARM.attributes
                0x0000000000000300       0x2c CMakeFiles/simple_usb.dir/pico-sdk/src/rp2_common/hardware_pll/pll.c.obj
 .ARM.attributes
                0x000000000000032c       0x2c CMakeFiles/simple_usb.dir/pico-sdk/src/rp2_common/hardware_watchdog/watchdog.c.obj
 .ARM.attributes
                0x0000000000000358       0x2c CMakeFiles/simple_usb.dir/pico-sdk/src/rp2_common/hardware_xosc/xosc.c.obj
 .ARM.attributes
                0x0000000000000384       0x2c CMakeFiles/simple_usb.dir/pico-sdk/src/rp2_common/pico_printf/printf.c.obj
 .ARM.attributes
                0x00000000000003b0       0x22 CMakeFiles/simple_usb.dir/pico-sdk/src/rp2_common/pico_bit_ops/bit_ops_aeabi.S.obj
 .ARM.attributes
                0x00000000000003d2       0x2c CMakeFiles/simple_usb.dir/pico-sdk/src/rp2_common/pico_bootrom/bootrom.c.obj
 .ARM.attributes
                0x00000000000003fe       0x22 CMakeFiles/simple_usb.dir/pico-sdk/src/rp2_common/pico_divider/divider.S.obj
 .ARM.attributes
                0x0000000000000420       0x22 CMakeFiles/simple_usb.dir/pico-sdk/src/rp2_common/pico_double/double_aeabi.S.obj
 .ARM.attributes
                0x0000000000000442       0x2c CMakeFiles/simple_usb.dir/pico-sdk/src/rp2_common/pico_double/double_init_rom.c.obj
 .ARM.attributes
                0x000000000000046e       0x22 CMakeFiles/simple_usb.dir/pico-sdk/src/rp2_common/pico_double/double_v1_rom_shim.S.obj
 .ARM.attributes
                0x0000000000000490       0x22 CMakeFiles/simple_usb.dir/pico-sdk/src/rp2_common/pico_int64_ops/pico_int64_ops_aeabi.S.obj
 .ARM.attributes
                0x00000000000004b2       0x22 CMakeFiles/simple_usb.dir/pico-sdk/src/rp2_common/pico_float/float_aeabi.S.obj
 .ARM.attributes
                0x00000000000004d4       0x2c CMakeFiles/simple_usb.dir/pico-sdk/src/rp2_common/pico_float/float_init_rom.c.obj
 .ARM.attributes
                0x0000000000000500       0x2c CMakeFiles/simple_usb.dir/pico-sdk/src/rp2_common/pico_malloc/pico_malloc.c.obj
 .ARM.attributes
                0x000000000000052c       0x22 CMakeFiles/simple_usb.dir/pico-sdk/src/rp2_common/pico_mem_ops/mem_ops_aeabi.S.obj
 .ARM.attributes
                0x000000000000054e       0x22 CMakeFiles/simple_usb.dir/pico-sdk/src/rp2_common/pico_standard_link/crt0.S.obj
 .ARM.attributes
                0x0000000000000570       0x32 CMakeFiles/simple_usb.dir/pico-sdk/src/rp2_common/pico_standard_link/binary_info.c.obj
 .ARM.attributes
                0x00000000000005a2       0x2c CMakeFiles/simple_usb.dir/pico-sdk/src/rp2_common/pico_stdio/stdio.c.obj
 .ARM.attributes
                0x00000000000005ce       0x2c CMakeFiles/simple_usb.dir/pico-sdk/src/rp2_common/pico_stdio_uart/stdio_uart.c.obj
 .ARM.attributes
                0x00000000000005fa       0x2c CMakeFiles/simple_usb.dir/pico-sdk/src/rp2_common/pico_stdio_usb/reset_interface.c.obj
 .ARM.attributes
                0x0000000000000626       0x2c CMakeFiles/simple_usb.dir/pico-sdk/src/rp2_common/pico_stdio_usb/stdio_usb.c.obj
 .ARM.attributes
                0x0000000000000652       0x2c CMakeFiles/simple_usb.dir/pico-sdk/src/rp2_common/pico_stdio_usb/stdio_usb_descriptors.c.obj
 .ARM.attributes
                0x000000000000067e       0x2c CMakeFiles/simple_usb.dir/pico-sdk/lib/tinyusb/src/portable/raspberrypi/rp2040/dcd_rp2040.c.obj
 .ARM.attributes
                0x00000000000006aa       0x2c CMakeFiles/simple_usb.dir/pico-sdk/lib/tinyusb/src/portable/raspberrypi/rp2040/rp2040_usb.c.obj
 .ARM.attributes
                0x00000000000006d6       0x2c CMakeFiles/simple_usb.dir/pico-sdk/lib/tinyusb/src/device/usbd.c.obj
 .ARM.attributes
                0x0000000000000702       0x2c CMakeFiles/simple_usb.dir/pico-sdk/lib/tinyusb/src/device/usbd_control.c.obj
 .ARM.attributes
                0x000000000000072e       0x2c CMakeFiles/simple_usb.dir/pico-sdk/lib/tinyusb/src/class/cdc/cdc_device.c.obj
 .ARM.attributes
                0x000000000000075a       0x2c CMakeFiles/simple_usb.dir/pico-sdk/lib/tinyusb/src/tusb.c.obj
 .ARM.attributes
                0x0000000000000786       0x2c CMakeFiles/simple_usb.dir/pico-sdk/lib/tinyusb/src/common/tusb_fifo.c.obj
 .ARM.attributes
                0x00000000000007b2       0x2c CMakeFiles/simple_usb.dir/pico-sdk/src/rp2_common/pico_unique_id/unique_id.c.obj
 .ARM.attributes
                0x00000000000007de       0x2c CMakeFiles/simple_usb.dir/pico-sdk/src/rp2_common/hardware_flash/flash.c.obj
 .ARM.attributes
                0x000000000000080a       0x2c libfreertos.a(tasks.c.obj)
 .ARM.attributes
                0x0000000000000836       0x2c libfreertos.a(timers.c.obj)
 .ARM.attributes
                0x0000000000000862       0x2c libfreertos.a(heap_3.c.obj)
 .ARM.attributes
                0x000000000000088e       0x2c libfreertos.a(port.c.obj)
 .ARM.attributes
                0x00000000000008ba       0x2c libfreertos.a(list.c.obj)
 .ARM.attributes
                0x00000000000008e6       0x2c libfreertos.a(queue.c.obj)
 .ARM.attributes
                0x0000000000000912       0x22 /tmp/cc7FpGuR.o
 .ARM.attributes
                0x0000000000000934       0x1e /usr/lib/gcc/arm-none-eabi/10.3.1/thumb/v6-m/nofp/libgcc.a(_dvmd_tls.o)
 .ARM.attributes
                0x0000000000000952       0x2c /usr/lib/gcc/arm-none-eabi/10.3.1/../../../arm-none-eabi/lib/thumb/v6-m/nofp/libc.a(lib_a-impure.o)
 .ARM.attributes
                0x000000000000097e       0x2c /usr/lib/gcc/arm-none-eabi/10.3.1/../../../arm-none-eabi/lib/thumb/v6-m/nofp/libc.a(lib_a-malloc.o)
 .ARM.attributes
                0x00000000000009aa       0x2c /usr/lib/gcc/arm-none-eabi/10.3.1/../../../arm-none-eabi/lib/thumb/v6-m/nofp/libc.a(lib_a-mallocr.o)
 .ARM.attributes
                0x00000000000009d6       0x2c /usr/lib/gcc/arm-none-eabi/10.3.1/../../../arm-none-eabi/lib/thumb/v6-m/nofp/libc.a(lib_a-mlock.o)
 .ARM.attributes
                0x0000000000000a02       0x2c /usr/lib/gcc/arm-none-eabi/10.3.1/../../../arm-none-eabi/lib/thumb/v6-m/nofp/libc.a(lib_a-sbrkr.o)
 .ARM.attributes
                0x0000000000000a2e       0x2c /usr/lib/gcc/arm-none-eabi/10.3.1/../../../arm-none-eabi/lib/thumb/v6-m/nofp/libc.a(lib_a-strlen-stub.o)
 .ARM.attributes
                0x0000000000000a5a       0x2c /usr/lib/gcc/arm-none-eabi/10.3.1/../../../arm-none-eabi/lib/thumb/v6-m/nofp/libc.a(lib_a-freer.o)
 .ARM.attributes
                0x0000000000000a86       0x2c /usr/lib/gcc/arm-none-eabi/10.3.1/../../../arm-none-eabi/lib/thumb/v6-m/nofp/libc.a(lib_a-reent.o)
 .ARM.attributes
                0x0000000000000ab2       0x2c /usr/lib/gcc/arm-none-eabi/10.3.1/thumb/v6-m/nofp/crtend.o

.comment        0x0000000000000000       0x33
 .comment       0x0000000000000000       0x33 /usr/lib/gcc/arm-none-eabi/10.3.1/thumb/v6-m/nofp/crtbegin.o
                                         0x34 (size before relaxing)
 .comment       0x0000000000000033       0x34 CMakeFiles/simple_usb.dir/main.c.obj
 .comment       0x0000000000000033       0x34 CMakeFiles/simple_usb.dir/pico-sdk/src/rp2_common/hardware_gpio/gpio.c.obj
 .comment       0x0000000000000033       0x34 CMakeFiles/simple_usb.dir/pico-sdk/src/rp2_common/hardware_claim/claim.c.obj
 .comment       0x0000000000000033       0x34 CMakeFiles/simple_usb.dir/pico-sdk/src/rp2_common/pico_platform/platform.c.obj
 .comment       0x0000000000000033       0x34 CMakeFiles/simple_usb.dir/pico-sdk/src/rp2_common/hardware_sync/sync.c.obj
 .comment       0x0000000000000033       0x34 CMakeFiles/simple_usb.dir/pico-sdk/src/rp2_common/hardware_irq/irq.c.obj
 .comment       0x0000000000000033       0x34 CMakeFiles/simple_usb.dir/pico-sdk/src/common/pico_sync/lock_core.c.obj
 .comment       0x0000000000000033       0x34 CMakeFiles/simple_usb.dir/pico-sdk/src/common/pico_time/time.c.obj
 .comment       0x0000000000000033       0x34 CMakeFiles/simple_usb.dir/pico-sdk/src/rp2_common/hardware_timer/timer.c.obj
 .comment       0x0000000000000033       0x34 CMakeFiles/simple_usb.dir/pico-sdk/src/common/pico_util/pheap.c.obj
 .comment       0x0000000000000033       0x34 CMakeFiles/simple_usb.dir/pico-sdk/src/common/pico_sync/mutex.c.obj
 .comment       0x0000000000000033       0x34 CMakeFiles/simple_usb.dir/pico-sdk/src/common/pico_sync/critical_section.c.obj
 .comment       0x0000000000000033       0x34 CMakeFiles/simple_usb.dir/pico-sdk/src/rp2_common/hardware_uart/uart.c.obj
 .comment       0x0000000000000033       0x34 CMakeFiles/simple_usb.dir/pico-sdk/src/rp2_common/pico_runtime/runtime.c.obj
 .comment       0x0000000000000033       0x34 CMakeFiles/simple_usb.dir/pico-sdk/src/rp2_common/hardware_clocks/clocks.c.obj